Component: ARM Compiler 5.06 update 7 (build 960) Tool: armlink [4d3601]

==============================================================================

Section Cross References

    startup_stm32f407xx.o(STACK) refers (Special) to heapauxi.o(.text) for __use_two_region_memory
    startup_stm32f407xx.o(HEAP) refers (Special) to heapauxi.o(.text) for __use_two_region_memory
    startup_stm32f407xx.o(RESET) refers (Special) to heapauxi.o(.text) for __use_two_region_memory
    startup_stm32f407xx.o(RESET) refers to startup_stm32f407xx.o(STACK) for __initial_sp
    startup_stm32f407xx.o(RESET) refers to startup_stm32f407xx.o(.text) for Reset_Handler
    startup_stm32f407xx.o(RESET) refers to stm32f4xx_it.o(i.NMI_Handler) for NMI_Handler
    startup_stm32f407xx.o(RESET) refers to stm32f4xx_it.o(i.HardFault_Handler) for HardFault_Handler
    startup_stm32f407xx.o(RESET) refers to stm32f4xx_it.o(i.MemManage_Handler) for MemManage_Handler
    startup_stm32f407xx.o(RESET) refers to stm32f4xx_it.o(i.BusFault_Handler) for BusFault_Handler
    startup_stm32f407xx.o(RESET) refers to stm32f4xx_it.o(i.UsageFault_Handler) for UsageFault_Handler
    startup_stm32f407xx.o(RESET) refers to stm32f4xx_it.o(i.SVC_Handler) for SVC_Handler
    startup_stm32f407xx.o(RESET) refers to stm32f4xx_it.o(i.DebugMon_Handler) for DebugMon_Handler
    startup_stm32f407xx.o(RESET) refers to stm32f4xx_it.o(i.PendSV_Handler) for PendSV_Handler
    startup_stm32f407xx.o(RESET) refers to stm32f4xx_it.o(i.SysTick_Handler) for SysTick_Handler
    startup_stm32f407xx.o(RESET) refers to stm32f4xx_it.o(i.DMA1_Stream0_IRQHandler) for DMA1_Stream0_IRQHandler
    startup_stm32f407xx.o(RESET) refers to stm32f4xx_it.o(i.DMA1_Stream1_IRQHandler) for DMA1_Stream1_IRQHandler
    startup_stm32f407xx.o(RESET) refers to stm32f4xx_it.o(i.DMA1_Stream2_IRQHandler) for DMA1_Stream2_IRQHandler
    startup_stm32f407xx.o(RESET) refers to stm32f4xx_it.o(i.DMA1_Stream5_IRQHandler) for DMA1_Stream5_IRQHandler
    startup_stm32f407xx.o(RESET) refers to stm32f4xx_it.o(i.TIM1_UP_TIM10_IRQHandler) for TIM1_UP_TIM10_IRQHandler
    startup_stm32f407xx.o(RESET) refers to stm32f4xx_it.o(i.TIM1_TRG_COM_TIM11_IRQHandler) for TIM1_TRG_COM_TIM11_IRQHandler
    startup_stm32f407xx.o(RESET) refers to stm32f4xx_it.o(i.USART1_IRQHandler) for USART1_IRQHandler
    startup_stm32f407xx.o(RESET) refers to stm32f4xx_it.o(i.USART2_IRQHandler) for USART2_IRQHandler
    startup_stm32f407xx.o(RESET) refers to stm32f4xx_it.o(i.USART3_IRQHandler) for USART3_IRQHandler
    startup_stm32f407xx.o(RESET) refers to stm32f4xx_it.o(i.UART4_IRQHandler) for UART4_IRQHandler
    startup_stm32f407xx.o(RESET) refers to stm32f4xx_it.o(i.UART5_IRQHandler) for UART5_IRQHandler
    startup_stm32f407xx.o(RESET) refers to stm32f4xx_it.o(i.TIM6_DAC_IRQHandler) for TIM6_DAC_IRQHandler
    startup_stm32f407xx.o(RESET) refers to stm32f4xx_it.o(i.DMA2_Stream2_IRQHandler) for DMA2_Stream2_IRQHandler
    startup_stm32f407xx.o(RESET) refers to stm32f4xx_it.o(i.USART6_IRQHandler) for USART6_IRQHandler
    startup_stm32f407xx.o(.text) refers (Special) to heapauxi.o(.text) for __use_two_region_memory
    startup_stm32f407xx.o(.text) refers to system_stm32f4xx.o(i.SystemInit) for SystemInit
    startup_stm32f407xx.o(.text) refers to __main.o(!!!main) for __main
    startup_stm32f407xx.o(.text) refers to startup_stm32f407xx.o(HEAP) for Heap_Mem
    startup_stm32f407xx.o(.text) refers to startup_stm32f407xx.o(STACK) for Stack_Mem
    datatransmit.o(i.HC05_Process) refers to motor.o(i.motor_stop) for motor_stop
    datatransmit.o(i.HC05_Process) refers to datatransmit.o(.bss) for .bss
    datatransmit.o(i.HC05_Process) refers to main.o(.data) for mode_flag
    datatransmit.o(i.JY901_Process) refers to datatransmit.o(.bss) for .bss
    datatransmit.o(i.JY901_Process) refers to datatransmit.o(.data) for .data
    datatransmit.o(i.JY901_Process) refers to main.o(.bss) for CarAngle
    datatransmit.o(i.OPENMV_Process) refers to _printf_percent.o(.ARM.Collect$$_printf_percent$$00000000) for _printf_percent
    datatransmit.o(i.OPENMV_Process) refers to _printf_d.o(.ARM.Collect$$_printf_percent$$00000009) for _printf_d
    datatransmit.o(i.OPENMV_Process) refers to _printf_dec.o(.text) for _printf_int_dec
    datatransmit.o(i.OPENMV_Process) refers to noretval__2sprintf.o(.text) for __2sprintf
    datatransmit.o(i.OPENMV_Process) refers to main.o(i.HMI_SendString) for HMI_SendString
    datatransmit.o(i.OPENMV_Process) refers to main.o(i.HMI_SendBit) for HMI_SendBit
    datatransmit.o(i.OPENMV_Process) refers to rt_memclr_w.o(.text) for __aeabi_memclr4
    datatransmit.o(i.OPENMV_Process) refers to datatransmit.o(.bss) for .bss
    datatransmit.o(i.OPENMV_Process) refers to main.o(.data) for line_x
    datatransmit.o(i.TFminiS_Process) refers to datatransmit.o(.bss) for .bss
    datatransmit.o(i.TFminiS_Process) refers to main.o(.bss) for Distance
[...]
    x$fpl$dnaninf                            0x080061e4   Section      156  dnaninf.o(x$fpl$dnaninf)
    $v0                                      0x080061e4   Number         0  dnaninf.o(x$fpl$dnaninf)
    x$fpl$dretinf                            0x08006280   Section       12  dretinf.o(x$fpl$dretinf)
    $v0                                      0x08006280   Number         0  dretinf.o(x$fpl$dretinf)
    x$fpl$f2d                                0x0800628c   Section       86  f2d.o(x$fpl$f2d)
    $v0                                      0x0800628c   Number         0  f2d.o(x$fpl$f2d)
    x$fpl$fnaninf                            0x080062e2   Section      140  fnaninf.o(x$fpl$fnaninf)
    $v0                                      0x080062e2   Number         0  fnaninf.o(x$fpl$fnaninf)
    x$fpl$fpinit                             0x0800636e   Section       10  fpinit.o(x$fpl$fpinit)
    $v0                                      0x0800636e   Number         0  fpinit.o(x$fpl$fpinit)
    x$fpl$fretinf                            0x08006378   Section       10  fretinf.o(x$fpl$fretinf)
    $v0                                      0x08006378   Number         0  fretinf.o(x$fpl$fretinf)
    x$fpl$printf1                            0x08006382   Section        4  printf1.o(x$fpl$printf1)
    $v0                                      0x08006382   Number         0  printf1.o(x$fpl$printf1)
    .constdata                               0x08006386   Section        8  stm32f4xx_hal_dma.o(.constdata)
    x$fpl$usenofp                            0x08006386   Section        0  usenofp.o(x$fpl$usenofp)
    flagBitshiftOffset                       0x08006386   Data           8  stm32f4xx_hal_dma.o(.constdata)
    .constdata                               0x0800638e   Section       16  system_stm32f4xx.o(.constdata)
    .constdata                               0x0800639e   Section        8  system_stm32f4xx.o(.constdata)
    .constdata                               0x080063a8   Section      148  bigflt0.o(.constdata)
    tenpwrs_x                                0x080063a8   Data          60  bigflt0.o(.constdata)
    tenpwrs_i                                0x080063e4   Data          64  bigflt0.o(.constdata)
    locale$$data                             0x0800645c   Section       28  lc_numeric_c.o(locale$$data)
    __lcnum_c_name                           0x08006460   Data           2  lc_numeric_c.o(locale$$data)
    __lcnum_c_start                          0x08006468   Data           0  lc_numeric_c.o(locale$$data)
    __lcnum_c_point                          0x08006474   Data           0  lc_numeric_c.o(locale$$data)
    __lcnum_c_thousands                      0x08006476   Data           0  lc_numeric_c.o(locale$$data)
    __lcnum_c_grouping                       0x08006477   Data           0  lc_numeric_c.o(locale$$data)
    __lcnum_c_end                            0x08006478   Data           0  lc_numeric_c.o(locale$$data)
    .data                                    0x20000000   Section       24  datatransmit.o(.data)
    .data                                    0x20000018   Section       16  encoder.o(.data)
    .data                                    0x20000028   Section      124  pid.o(.data)
    output                                   0x20000030   Data           4  pid.o(.data)
    output_p                                 0x20000034   Data           4  pid.o(.data)
    output_i                                 0x20000038   Data           4  pid.o(.data)
    output_d                                 0x2000003c   Data           4  pid.o(.data)
    error                                    0x20000040   Data           4  pid.o(.data)
    sum                                      0x20000044   Data           4  pid.o(.data)
    error_filter                             0x20000048   Data           4  pid.o(.data)
    error_filter_last                        0x2000004c   Data           4  pid.o(.data)
    error_last                               0x20000050   Data           4  pid.o(.data)
    .data                                    0x200000a4   Section       80  main.o(.data)
    .data                                    0x200000f4   Section        2  main.o(.data)
    .data                                    0x200000f6   Section        2  main.o(.data)
    .data                                    0x200000f8   Section       12  stm32f4xx_hal.o(.data)
    .data                                    0x20000104   Section        4  system_stm32f4xx.o(.data)
    .bss                                     0x20000108   Section      121  datatransmit.o(.bss)
    .bss                                     0x20000184   Section      424  main.o(.bss)
    .bss                                     0x2000032c   Section      792  tim.o(.bss)
    .bss                                     0x20000644   Section      888  usart.o(.bss)
    .bss                                     0x200009bc   Section       96  libspace.o(.bss)
    HEAP                                     0x20000a20   Section      512  startup_stm32f407xx.o(HEAP)
    Heap_Mem                                 0x20000a20   Data         512  startup_stm32f407xx.o(HEAP)
    STACK                                    0x20000c20   Section     1024  startup_stm32f407xx.o(STACK)
    Stack_Mem                                0x20000c20   Data        1024  startup_stm32f407xx.o(STACK)
    __initial_sp                             0x20001020   Data           0  startup_stm32f407xx.o(STACK)

    Global Symbols

    Symbol Name                              Value     Ov Type        Size  Object(Section)

    BuildAttributes$$THM_ISAv4$E$P$D$K$B$S$7EM$VFPi3$EXTD16$VFPS$VFMA$PE$A:L22UL41UL21$X:L11$S22US41US21$IEEE1$IW$USESV6$~STKCKD$USESV7$~SHL$OTIME$ROPI$IEEEJ$EBA8$UX$STANDARDLIB$REQ8$PRES8$EABIv2 0x00000000   Number         0  anon$$obj.o ABSOLUTE
    __ARM_use_no_argv                        0x00000000   Number         0  main.o ABSOLUTE
    _printf_flags                            0x00000000   Number         0  printf_stubs.o ABSOLUTE
    _printf_return_value                     0x00000000   Number         0  printf_stubs.o ABSOLUTE
    _printf_sizespec                         0x00000000   Number         0  printf_stubs.o ABSOLUTE
    _printf_widthprec                        0x00000000   Number         0  printf_stubs.o ABSOLUTE
    __ARM_exceptions_init                     - Undefined Weak Reference
    __alloca_initialize                       - Undefined Weak Reference
    __arm_fini_                               - Undefined Weak Reference
    __arm_preinit_                            - Undefined Weak Reference
    __cpp_initialize__aeabi_                  - Undefined Weak Reference
    __cxa_finalize                            - Undefined Weak Reference
    __sigvec_lookup                           - Undefined Weak Reference
    _atexit_init                              - Undefined Weak Reference
    _call_atexit_fns                          - Undefined Weak Reference
    _clock_init                               - Undefined Weak Reference
    _fp_trap_init                             - Undefined Weak Reference
    _fp_trap_shutdown                         - Undefined Weak Reference
    _get_lc_collate                           - Undefined Weak Reference
    _get_lc_ctype                             - Undefined Weak Reference
    _get_lc_monetary                          - Undefined Weak Reference
    _get_lc_time                              - Undefined Weak Reference
    _getenv_init                              - Undefined Weak Reference
    _handle_redirection                       - Undefined Weak Reference
    _init_alloc                               - Undefined Weak Reference
    _init_user_alloc                          - Undefined Weak Reference
    _initio                                   - Undefined Weak Reference
    _printf_post_padding                      - Undefined Weak Reference
    _printf_pre_padding                       - Undefined Weak Reference
    _printf_truncate_signed                   - Undefined Weak Reference
    _printf_truncate_unsigned                 - Undefined Weak Reference
    _rand_init                                - Undefined Weak Reference
    _signal_finish                            - Undefined Weak Reference
    _signal_init                              - Undefined Weak Reference
    _terminate_alloc                          - Undefined Weak Reference
    _terminate_user_alloc                     - Undefined Weak Reference
    _terminateio                              - Undefined Weak Reference
    __Vectors_Size                           0x00000188   Number         0  startup_stm32f407xx.o ABSOLUTE
    __Vectors                                0x08000000   Data           4  startup_stm32f407xx.o(RESET)
    __Vectors_End                            0x08000188   Data           0  startup_stm32f407xx.o(RESET)
    __main                                   0x08000189   Thumb Code     8  __main.o(!!!main)
    __scatterload                            0x08000191   Thumb Code     0  __scatter.o(!!!scatter)
    __scatterload_rt2                        0x08000191   Thumb Code    44  __scatter.o(!!!scatter)
    __scatterload_rt2_thumb_only             0x08000191   Thumb Code     0  __scatter.o(!!!scatter)
    __scatterload_null                       0x0800019f   Thumb Code     0  __scatter.o(!!!scatter)
    __scatterload_copy                       0x080001c5   Thumb Code    26  __scatter_copy.o(!!handler_copy)
    __scatterload_zeroinit                   0x080001e1   Thumb Code    28  __scatter_zi.o(!!handler_zi)
    _printf_f                                0x080001fd   Thumb Code     0  _printf_f.o(.ARM.Collect$$_printf_percent$$00000003)
    _printf_percent                          0x080001fd   Thumb Code     0  _printf_percent.o(.ARM.Collect$$_printf_percent$$00000000)
    _printf_d                                0x08000203   Thumb Code     0  _printf_d.o(.ARM.Collect$$_printf_percent$$00000009)
    _printf_percent_end                      0x08000209   Thumb Code     0  _printf_percent_end.o(.ARM.Collect$$_printf_percent$$00000017)
    __rt_lib_init                            0x0800020d   Thumb Code     0  libinit.o(.ARM.Collect$$libinit$$00000000)
    __rt_lib_init_fp_1                       0x0800020f   Thumb Code     0  libinit2.o(.ARM.Collect$$libinit$$00000001)
    __rt_lib_init_heap_1                     0x08000213   Thumb Code     0  libinit2.o(.ARM.Collect$$libinit$$0000000A)
    __rt_lib_init_lc_common                  0x08000213   Thumb Code     0  libinit2.o(.ARM.Collect$$libinit$$0000000F)
    __rt_lib_init_preinit_1                  0x08000213   Thumb Code     0  libinit2.o(.ARM.Collect$$libinit$$00000004)
    __rt_lib_init_rand_1                     0x08000213   Thumb Code     0  libinit2.o(.ARM.Collect$$libinit$$0000000E)
    __rt_lib_init_user_alloc_1               0x08000213   Thumb Code     0  libinit2.o(.ARM.Collect$$libinit$$0000000C)
    __rt_lib_init_lc_collate_1               0x08000219   Thumb Code     0  libinit2.o(.ARM.Collect$$libinit$$00000011)
    __rt_lib_init_lc_ctype_1                 0x08000219   Thumb Code     0  libinit2.o(.ARM.Collect$$libinit$$00000013)
    __rt_lib_init_lc_monetary_1              0x08000219   Thumb Code     0  libinit2.o(.ARM.Collect$$libinit$$00000015)
    __rt_lib_init_lc_numeric_2               0x08000219   Thumb Code     0  libinit2.o(.ARM.Collect$$libinit$$00000016)
    __rt_lib_init_alloca_1                   0x08000223   Thumb Code     0  libinit2.o(.ARM.Collect$$libinit$$0000002E)
    __rt_lib_init_argv_1                     0x08000223   Thumb Code     0  libinit2.o(.ARM.Collect$$libinit$$0000002C)
    __rt_lib_init_atexit_1                   0x08000223   Thumb Code     0  libinit2.o(.ARM.Collect$$libinit$$0000001B)
    __rt_lib_init_clock_1                    0x08000223   Thumb Code     0  libinit2.o(.ARM.Collect$$libinit$$00000021)
    __rt_lib_init_cpp_1                      0x08000223   Thumb Code     0  libinit2.o(.ARM.Collect$$libinit$$00000032)
    __rt_lib_init_exceptions_1               0x08000223   Thumb Code     0  libinit2.o(.ARM.Collect$$libinit$$00000030)
    __rt_lib_init_fp_trap_1                  0x08000223   Thumb Code     0  libinit2.o(.ARM.Collect$$libinit$$0000001F)
    __rt_lib_init_getenv_1                   0x08000223   Thumb Code     0  libinit2.o(.ARM.Collect$$libinit$$00000023)
    __rt_lib_init_lc_numeric_1               0x08000223   Thumb Code     0  libinit2.o(.ARM.Collect$$libinit$$00000017)
    __rt_lib_init_lc_time_1                  0x08000223   Thumb Code     0  libinit2.o(.ARM.Collect$$libinit$$00000019)
    __rt_lib_init_return                     0x08000223   Thumb Code     0  libinit2.o(.ARM.Collect$$libinit$$00000033)
    __rt_lib_init_signal_1                   0x08000223   Thumb Code     0  libinit2.o(.ARM.Collect$$libinit$$0000001D)
    __rt_lib_init_stdio_1                    0x08000223   Thumb Code     0  libinit2.o(.ARM.Collect$$libinit$$00000025)
    __rt_lib_shutdown                        0x08000225   Thumb Code     0  libshutdown.o(.ARM.Collect$$libshutdown$$00000000)
    __rt_lib_shutdown_cpp_1                  0x08000227   Thumb Code     0  libshutdown2.o(.ARM.Collect$$libshutdown$$00000004)
    __rt_lib_shutdown_fini_1                 0x08000227   Thumb Code     0  libshutdown2.o(.ARM.Collect$$libshutdown$$00000002)
    __rt_lib_shutdown_fp_trap_1              0x08000227   Thumb Code     0  libshutdown2.o(.ARM.Collect$$libshutdown$$00000009)
    __rt_lib_shutdown_heap_1                 0x08000227   Thumb Code     0  libshutdown2.o(.ARM.Collect$$libshutdown$$00000011)
    __rt_lib_shutdown_return                 0x08000227   Thumb Code     0  libshutdown2.o(.ARM.Collect$$libshutdown$$00000012)
    __rt_lib_shutdown_signal_1               0x08000227   Thumb Code     0  libshutdown2.o(.ARM.Collect$$libshutdown$$0000000C)
    __rt_lib_shutdown_stdio_1                0x08000227   Thumb Code     0  libshutdown2.o(.ARM.Collect$$libshutdown$$00000006)
    __rt_lib_shutdown_user_alloc_1           0x08000227   Thumb Code     0  libshutdown2.o(.ARM.Collect$$libshutdown$$0000000E)
    __rt_entry                               0x08000229   Thumb Code     0  __rtentry.o(.ARM.Collect$$rtentry$$00000000)
    __rt_entry_presh_1                       0x08000229   Thumb Code     0  __rtentry2.o(.ARM.Collect$$rtentry$$00000002)
    __rt_entry_sh                            0x08000229   Thumb Code     0  __rtentry4.o(.ARM.Collect$$rtentry$$00000004)
    __rt_entry_li                            0x0800022f   Thumb Code     0  __rtentry2.o(.ARM.Collect$$rtentry$$0000000A)
    __rt_entry_postsh_1                      0x0800022f   Thumb Code     0  __rtentry2.o(.ARM.Collect$$rtentry$$00000009)
    __rt_entry_main                          0x08000233   Thumb Code     0  __rtentry2.o(.ARM.Collect$$rtentry$$0000000D)
    __rt_entry_postli_1                      0x08000233   Thumb Code     0  __rtentry2.o(.ARM.Collect$$rtentry$$0000000C)
    __rt_exit                                0x0800023b   Thumb Code     0  rtexit.o(.ARM.Collect$$rtexit$$00000000)
    __rt_exit_ls                             0x0800023d   Thumb Code     0  rtexit2.o(.ARM.Collect$$rtexit$$00000003)
    __rt_exit_prels_1                        0x0800023d   Thumb Code     0  rtexit2.o(.ARM.Collect$$rtexit$$00000002)
    __rt_exit_exit                           0x08000241   Thumb Code     0  rtexit2.o(.ARM.Collect$$rtexit$$00000004)
    Reset_Handler                            0x08000249   Thumb Code     8  startup_stm32f407xx.o(.text)
    ADC_IRQHandler                           0x08000263   Thumb Code     0  startup_stm32f407xx.o(.text)
    CAN1_RX0_IRQHandler                      0x08000263   Thumb Code     0  startup_stm32f407xx.o(.text)
    CAN1_RX1_IRQHandler                      0x08000263   Thumb Code     0  startup_stm32f407xx.o(.text)
    CAN1_SCE_IRQHandler                      0x08000263   Thumb Code     0  startup_stm32f407xx.o(.text)
    CAN1_TX_IRQHandler                       0x08000263   Thumb Code     0  startup_stm32f407xx.o(.text)
    CAN2_RX0_IRQHandler                      0x08000263   Thumb Code     0  startup_stm32f407xx.o(.text)
    CAN2_RX1_IRQHandler                      0x08000263   Thumb Code     0  startup_stm32f407xx.o(.text)
    CAN2_SCE_IRQHandler                      0x08000263   Thumb Code     0  startup_stm32f407xx.o(.text)
    CAN2_TX_IRQHandler                       0x08000263   Thumb Code     0  startup_stm32f407xx.o(.text)
    DCMI_IRQHandler                          0x08000263   Thumb Code     0  startup_stm32f407xx.o(.text)
    DMA1_Stream3_IRQHandler                  0x08000263   Thumb Code     0  startup_stm32f407xx.o(.text)
    DMA1_Stream4_IRQHandler                  0x08000263   Thumb Code     0  startup_stm32f407xx.o(.text)
    DMA1_Stream6_IRQHandler                  0x08000263   Thumb Code     0  startup_stm32f407xx.o(.text)
    DMA1_Stream7_IRQHandler                  0x08000263   Thumb Code     0  startup_stm32f407xx.o(.text)
    DMA2_Stream0_IRQHandler                  0x08000263   Thumb Code     0  startup_stm32f407xx.o(.text)
    DMA2_Stream1_IRQHandler                  0x08000263   Thumb Code     0  startup_stm32f407xx.o(.text)
    DMA2_Stream3_IRQHandler                  0x08000263   Thumb Code     0  startup_stm32f407xx.o(.text)
    DMA2_Stream4_IRQHandler                  0x08000263   Thumb Code     0  startup_stm32f407xx.o(.text)
    DMA2_Stream5_IRQHandler                  0x08000263   Thumb Code     0  startup_stm32f407xx.o(.text)
    DMA2_Stream6_IRQHandler                  0x08000263   Thumb Code     0  startup_stm32f407xx.o(.text)
    DMA2_Stream7_IRQHandler                  0x08000263   Thumb Code     0  startup_stm32f407xx.o(.text)
    ETH_IRQHandler                           0x08000263   Thumb Code     0  startup_stm32f407xx.o(.text)
    ETH_WKUP_IRQHandler                      0x08000263   Thumb Code     0  startup_stm32f407xx.o(.text)
    EXTI0_IRQHandler                         0x08000263   Thumb Code     0  startup_stm32f407xx.o(.text)
    EXTI15_10_IRQHandler                     0x08000263   Thumb Code     0  startup_stm32f407xx.o(.text)
    EXTI1_IRQHandler                         0x08000263   Thumb Code     0  startup_stm32f407xx.o(.text)
    EXTI2_IRQHandler                         0x08000263   Thumb Code     0  startup_stm32f407xx.o(.text)
    EXTI3_IRQHandler                         0x08000263   Thumb Code     0  startup_stm32f407xx.o(.text)
    EXTI4_IRQHandler                         0x08000263   Thumb Code     0  startup_stm32f407xx.o(.text)
    EXTI9_5_IRQHandler                       0x08000263   Thumb Code     0  startup_stm32f407xx.o(.text)
    FLASH_IRQHandler                         0x08000263   Thumb Code     0  startup_stm32f407xx.o(.text)
    FMC_IRQHandler                           0x08000263   Thumb Code     0  startup_stm32f407xx.o(.text)
    FPU_IRQHandler                           0x08000263   Thumb Code     0  startup_stm32f407xx.o(.text)
    HASH_RNG_IRQHandler                      0x08000263   Thumb Code     0  startup_stm32f407xx.o(.text)
    I2C1_ER_IRQHandler                       0x08000263   Thumb Code     0  startup_stm32f407xx.o(.text)
    I2C1_EV_IRQHandler                       0x08000263   Thumb Code     0  startup_stm32f407xx.o(.text)
    I2C2_ER_IRQHandler                       0x08000263   Thumb Code     0  startup_stm32f407xx.o(.text)
    I2C2_EV_IRQHandler                       0x08000263   Thumb Code     0  startup_stm32f407xx.o(.text)
    I2C3_ER_IRQHandler                       0x08000263   Thumb Code     0  startup_stm32f407xx.o(.text)
    I2C3_EV_IRQHandler                       0x08000263   Thumb Code     0  startup_stm32f407xx.o(.text)
    OTG_FS_IRQHandler                        0x08000263   Thumb Code     0  startup_stm32f407xx.o(.text)
    OTG_FS_WKUP_IRQHandler                   0x08000263   Thumb Code     0  startup_stm32f407xx.o(.text)
    OTG_HS_EP1_IN_IRQHandler                 0x08000263   Thumb Code     0  startup_stm32f407xx.o(.text)
    OTG_HS_EP1_OUT_IRQHandler                0x08000263   Thumb Code     0  startup_stm32f407xx.o(.text)
    OTG_HS_IRQHandler                        0x08000263   Thumb Code     0  startup_stm32f407xx.o(.text)
    OTG_HS_WKUP_IRQHandler                   0x08000263   Thumb Code     0  startup_stm32f407xx.o(.text)
    PVD_IRQHandler                           0x08000263   Thumb Code     0  startup_stm32f407xx.o(.text)
    RCC_IRQHandler                           0x08000263   Thumb Code     0  startup_stm32f407xx.o(.text)
    RTC_Alarm_IRQHandler                     0x08000263   Thumb Code     0  startup_stm32f407xx.o(.text)
    RTC_WKUP_IRQHandler                      0x08000263   Thumb Code     0  startup_stm32f407xx.o(.text)
    SDIO_IRQHandler                          0x08000263   Thumb Code     0  startup_stm32f407xx.o(.text)
    SPI1_IRQHandler                          0x08000263   Thumb Code     0  startup_stm32f407xx.o(.text)
    SPI2_IRQHandler                          0x08000263   Thumb Code     0  startup_stm32f407xx.o(.text)
    SPI3_IRQHandler                          0x08000263   Thumb Code     0  startup_stm32f407xx.o(.text)
    TAMP_STAMP_IRQHandler                    0x08000263   Thumb Code     0  startup_stm32f407xx.o(.text)
    TIM1_BRK_TIM9_IRQHandler                 0x08000263   Thumb Code     0  startup_stm32f407xx.o(.text)
    TIM1_CC_IRQHandler                       0x08000263   Thumb Code     0  startup_stm32f407xx.o(.text)
    TIM2_IRQHandler                          0x08000263   Thumb Code     0  startup_stm32f407xx.o(.text)
    TIM3_IRQHandler                          0x08000263   Thumb Code     0  startup_stm32f407xx.o(.text)
    TIM4_IRQHandler                          0x08000263   Thumb Code     0  startup_stm32f407xx.o(.text)
    TIM5_IRQHandler                          0x08000263   Thumb Code     0  startup_stm32f407xx.o(.text)
    TIM7_IRQHandler                          0x08000263   Thumb Code     0  startup_stm32f407xx.o(.text)
    TIM8_BRK_TIM12_IRQHandler                0x08000263   Thumb Code     0  startup_stm32f407xx.o(.text)
    TIM8_CC_IRQHandler                       0x08000263   Thumb Code     0  startup_stm32f407xx.o(.text)
    TIM8_TRG_COM_TIM14_IRQHandler            0x08000263   Thumb Code     0  startup_stm32f407xx.o(.text)
    TIM8_UP_TIM13_IRQHandler                 0x08000263   Thumb Code     0  startup_stm32f407xx.o(.text)
    WWDG_IRQHandler                          0x08000263   Thumb Code     0  startup_stm32f407xx.o(.text)
    __user_initial_stackheap                 0x08000265   Thumb Code     0  startup_stm32f407xx.o(.text)
    __aeabi_uldivmod                         0x08000289   Thumb Code     0  lludivv7m.o(.text)
    _ll_udiv                                 0x08000289   Thumb Code   238  lludivv7m.o(.text)
    __2sprintf                               0x08000379   Thumb Code    34  noretval__2sprintf.o(.text)
    _printf_int_dec                          0x080003a1   Thumb Code   104  _printf_dec.o(.text)
    __printf                                 0x08000419   Thumb Code   270  __printf_wp.o(.text)
    __aeabi_memclr4                          0x08000527   Thumb Code     0  rt_memclr_w.o(.text)
    __aeabi_memclr8                          0x08000527   Thumb Code     0  rt_memclr_w.o(.text)
    __rt_memclr_w                            0x08000527   Thumb Code    78  rt_memclr_w.o(.text)
    _memset_w                                0x0800052b   Thumb Code     0  rt_memclr_w.o(.text)
    __use_two_region_memory                  0x08000575   Thumb Code     2  heapauxi.o(.text)
    __rt_heap_escrow$2region                 0x08000577   Thumb Code     2  heapauxi.o(.text)
    __rt_heap_expand$2region                 0x08000579   Thumb Code     2  heapauxi.o(.text)
    _printf_int_common                       0x0800057b   Thumb Code   178  _printf_intcommon.o(.text)
    __lib_sel_fp_printf                      0x0800062d   Thumb Code     2  _printf_fp_dec.o(.text)
    _printf_fp_dec_real                      0x080007df   Thumb Code   620  _printf_fp_dec.o(.text)
    _printf_char_common                      0x08000a57   Thumb Code    32  _printf_char_common.o(.text)
    _sputc                                   0x08000a7d   Thumb Code    10  _sputc.o(.text)
    __rt_locale                              0x08000a89   Thumb Code     8  rt_locale_intlibspace.o(.text)
    _ll_udiv10                               0x08000a91   Thumb Code   138  lludiv10.o(.text)
    _printf_fp_infnan                        0x08000b1d   Thumb Code   112  _printf_fp_infnan.o(.text)
    _btod_etento                             0x08000b9d   Thumb Code   224  bigflt0.o(.text)
    __user_libspace                          0x08000c81   Thumb Code     8  libspace.o(.text)
    __user_perproc_libspace                  0x08000c81   Thumb Code     0  libspace.o(.text)
    __user_perthread_libspace                0x08000c81   Thumb Code     0  libspace.o(.text)
    __user_setup_stackheap                   0x08000c89   Thumb Code    74  sys_stackheap_outer.o(.text)
    exit                                     0x08000cd3   Thumb Code    18  exit.o(.text)
    strcmp                                   0x08000ce5   Thumb Code   128  strcmpv7m.o(.text)
    _sys_exit                                0x08000d65   Thumb Code     8  sys_exit.o(.text)
    __I$use$semihosting                      0x08000d71   Thumb Code     0  use_no_semi.o(.text)
    __use_no_semihosting_swi                 0x08000d71   Thumb Code     2  use_no_semi.o(.text)
    __semihosting_library_function           0x08000d73   Thumb Code     0  indicate_semi.o(.text)
    _btod_d2e                                0x08000d73   Thumb Code    62  btod.o(CL$$btod_d2e)
    _d2e_denorm_low                          0x08000db1   Thumb Code    70  btod.o(CL$$btod_d2e_denorm_low)
    _d2e_norm_op1                            0x08000df7   Thumb Code    96  btod.o(CL$$btod_d2e_norm_op1)
    __btod_div_common                        0x08000e57   Thumb Code   696  btod.o(CL$$btod_div_common)
    _e2e                                     0x0800118f   Thumb Code   220  btod.o(CL$$btod_e2e)
    _btod_ediv                               0x0800126b   Thumb Code    42  btod.o(CL$$btod_ediv)
    _btod_emul                               0x08001295   Thumb Code    42  btod.o(CL$$btod_emul)
    __btod_mult_common                       0x080012bf   Thumb Code   580  btod.o(CL$$btod_mult_common)
    BusFault_Handler                         0x08001503   Thumb Code     2  stm32f4xx_it.o(i.BusFault_Handler)
    Claw_Close                               0x08001505   Thumb Code    10  servoaction.o(i.Claw_Close)
    Claw_Open                                0x08001515   Thumb Code    10  servoaction.o(i.Claw_Open)
    DMA1_Stream0_IRQHandler                  0x08001525   Thumb Code     6  stm32f4xx_it.o(i.DMA1_Stream0_IRQHandler)
    DMA1_Stream1_IRQHandler                  0x08001531   Thumb Code     6  stm32f4xx_it.o(i.DMA1_Stream1_IRQHandler)
    DMA1_Stream2_IRQHandler                  0x0800153d   Thumb Code     6  stm32f4xx_it.o(i.DMA1_Stream2_IRQHandler)
    DMA1_Stream5_IRQHandler                  0x08001549   Thumb Code     6  stm32f4xx_it.o(i.DMA1_Stream5_IRQHandler)
    DMA2_Stream2_IRQHandler                  0x08001555   Thumb Code     6  stm32f4xx_it.o(i.DMA2_Stream2_IRQHandler)
    DebugMon_Handler                         0x08001605   Thumb Code     2  stm32f4xx_it.o(i.DebugMon_Handler)
    Error_Handler                            0x08001607   Thumb Code     4  main.o(i.Error_Handler)
    Get_ASpeed                               0x0800160d   Thumb Code    18  encoder.o(i.Get_ASpeed)
    Get_BSpeed                               0x08001629   Thumb Code    18  encoder.o(i.Get_BSpeed)
    Get_CSpeed                               0x08001645   Thumb Code    18  encoder.o(i.Get_CSpeed)
    Get_DSpeed                               0x08001661   Thumb Code    18  encoder.o(i.Get_DSpeed)
    Grab                                     0x0800167d   Thumb Code    36  servoaction.o(i.Grab)
    HAL_DMA_Abort                            0x080016ad   Thumb Code   146  stm32f4xx_hal_dma.o(i.HAL_DMA_Abort)
    HAL_DMA_Abort_IT                         0x0800173f   Thumb Code    36  stm32f4xx_hal_dma.o(i.HAL_DMA_Abort_IT)
    HAL_DMA_IRQHandler                       0x08001765   Thumb Code   412  stm32f4xx_hal_dma.o(i.HAL_DMA_IRQHandler)
    HAL_DMA_Init                             0x08001905   Thumb Code   206  stm32f4xx_hal_dma.o(i.HAL_DMA_Init)
    HAL_DMA_Start_IT                         0x080019d9   Thumb Code   110  stm32f4xx_hal_dma.o(i.HAL_DMA_Start_IT)
    HAL_Delay                                0x08001a49   Thumb Code    32  stm32f4xx_hal.o(i.HAL_Delay)
    HAL_GPIO_Init                            0x08001a6d   Thumb Code   450  stm32f4xx_hal_gpio.o(i.HAL_GPIO_Init)
    HAL_GPIO_WritePin                        0x08001c5d   Thumb Code    10  stm32f4xx_hal_gpio.o(i.HAL_GPIO_WritePin)
    HAL_GetTick                              0x08001c69   Thumb Code     6  stm32f4xx_hal.o(i.HAL_GetTick)
    HAL_IncTick                              0x08001c75   Thumb Code    12  stm32f4xx_hal.o(i.HAL_IncTick)
    HAL_Init                                 0x08001c85   Thumb Code    48  stm32f4xx_hal.o(i.HAL_Init)
    HAL_InitTick                             0x08001cb9   Thumb Code    54  stm32f4xx_hal.o(i.HAL_InitTick)
    HAL_MspInit                              0x08001cf9   Thumb Code    42  stm32f4xx_hal_msp.o(i.HAL_MspInit)
    HAL_NVIC_EnableIRQ                       0x08001d29   Thumb Code    26  stm32f4xx_hal_cortex.o(i.HAL_NVIC_EnableIRQ)
    HAL_NVIC_SetPriority                     0x08001d45   Thumb Code    60  stm32f4xx_hal_cortex.o(i.HAL_NVIC_SetPriority)
    HAL_NVIC_SetPriorityGrouping             0x08001d85   Thumb Code    26  stm32f4xx_hal_cortex.o(i.HAL_NVIC_SetPriorityGrouping)
    HAL_RCCEx_PeriphCLKConfig                0x08001da9   Thumb Code   296  stm32f4xx_hal_rcc_ex.o(i.HAL_RCCEx_PeriphCLKConfig)
    HAL_RCC_ClockConfig                      0x08001ee5   Thumb Code   288  stm32f4xx_hal_rcc.o(i.HAL_RCC_ClockConfig)
    HAL_RCC_GetPCLK1Freq                     0x08002019   Thumb Code    20  stm32f4xx_hal_rcc.o(i.HAL_RCC_GetPCLK1Freq)
    HAL_RCC_GetPCLK2Freq                     0x08002039   Thumb Code    20  stm32f4xx_hal_rcc.o(i.HAL_RCC_GetPCLK2Freq)
    HAL_RCC_GetSysClockFreq                  0x08002059   Thumb Code    88  stm32f4xx_hal_rcc.o(i.HAL_RCC_GetSysClockFreq)
    HAL_RCC_OscConfig                        0x080020b9   Thumb Code   856  stm32f4xx_hal_rcc.o(i.HAL_RCC_OscConfig)
    HAL_SYSTICK_Config                       0x08002425   Thumb Code    40  stm32f4xx_hal_cortex.o(i.HAL_SYSTICK_Config)
    HAL_TIMEx_BreakCallback                  0x0800244d   Thumb Code     2  stm32f4xx_hal_tim_ex.o(i.HAL_TIMEx_BreakCallback)
    HAL_TIMEx_CommutCallback                 0x0800244f   Thumb Code     2  stm32f4xx_hal_tim_ex.o(i.HAL_TIMEx_CommutCallback)
    HAL_TIMEx_ConfigBreakDeadTime            0x08002451   Thumb Code    84  stm32f4xx_hal_tim_ex.o(i.HAL_TIMEx_ConfigBreakDeadTime)
    HAL_TIMEx_MasterConfigSynchronization    0x080024a5   Thumb Code   116  stm32f4xx_hal_tim_ex.o(i.HAL_TIMEx_MasterConfigSynchronization)
    HAL_TIM_Base_Init                        0x08002535   Thumb Code    90  stm32f4xx_hal_tim.o(i.HAL_TIM_Base_Init)
    HAL_TIM_Base_MspInit                     0x08002591   Thumb Code   344  tim.o(i.HAL_TIM_Base_MspInit)
    HAL_TIM_Base_Start                       0x0800270d   Thumb Code    90  stm32f4xx_hal_tim.o(i.HAL_TIM_Base_Start)
    HAL_TIM_Base_Start_IT                    0x08002785   Thumb Code   100  stm32f4xx_hal_tim.o(i.HAL_TIM_Base_Start_IT)
    HAL_TIM_ConfigClockSource                0x08002805   Thumb Code   220  stm32f4xx_hal_tim.o(i.HAL_TIM_ConfigClockSource)
    HAL_TIM_Encoder_Init                     0x080028e1   Thumb Code   164  stm32f4xx_hal_tim.o(i.HAL_TIM_Encoder_Init)
    HAL_TIM_Encoder_MspInit                  0x08002985   Thumb Code   372  tim.o(i.HAL_TIM_Encoder_MspInit)
    HAL_TIM_Encoder_Start                    0x08002b19   Thumb Code   142  stm32f4xx_hal_tim.o(i.HAL_TIM_Encoder_Start)
    HAL_TIM_IC_CaptureCallback               0x08002ba9   Thumb Code   324  main.o(i.HAL_TIM_IC_CaptureCallback)
    HAL_TIM_IC_ConfigChannel                 0x08002d15   Thumb Code   286  stm32f4xx_hal_tim.o(i.HAL_TIM_IC_ConfigChannel)
    HAL_TIM_IC_Init                          0x08002e33   Thumb Code    90  stm32f4xx_hal_tim.o(i.HAL_TIM_IC_Init)
    HAL_TIM_IC_MspInit                       0x08002e8d   Thumb Code     2  stm32f4xx_hal_tim.o(i.HAL_TIM_IC_MspInit)
    HAL_TIM_IC_Start_IT                      0x08002e91   Thumb Code   240  stm32f4xx_hal_tim.o(i.HAL_TIM_IC_Start_IT)
    HAL_TIM_IRQHandler                       0x08002f9d   Thumb Code   358  stm32f4xx_hal_tim.o(i.HAL_TIM_IRQHandler)
    HAL_TIM_MspPostInit                      0x08003105   Thumb Code   194  tim.o(i.HAL_TIM_MspPostInit)
    HAL_TIM_OC_DelayElapsedCallback          0x080031ed   Thumb Code     2  stm32f4xx_hal_tim.o(i.HAL_TIM_OC_DelayElapsedCallback)
    HAL_TIM_PWM_ConfigChannel                0x080031ef   Thumb Code   204  stm32f4xx_hal_tim.o(i.HAL_TIM_PWM_ConfigChannel)
    HAL_TIM_PWM_Init                         0x080032bb   Thumb Code    90  stm32f4xx_hal_tim.o(i.HAL_TIM_PWM_Init)
    HAL_TIM_PWM_MspInit                      0x08003315   Thumb Code     2  stm32f4xx_hal_tim.o(i.HAL_TIM_PWM_MspInit)
    HAL_TIM_PWM_PulseFinishedCallback        0x08003317   Thumb Code     2  stm32f4xx_hal_tim.o(i.HAL_TIM_PWM_PulseFinishedCallback)
    HAL_TIM_PWM_Start                        0x08003319   Thumb Code   172  stm32f4xx_hal_tim.o(i.HAL_TIM_PWM_Start)
    HAL_TIM_PeriodElapsedCallback            0x080033e1   Thumb Code   622  main.o(i.HAL_TIM_PeriodElapsedCallback)
    HAL_TIM_ReadCapturedValue                0x0800367d   Thumb Code    42  stm32f4xx_hal_tim.o(i.HAL_TIM_ReadCapturedValue)
    HAL_TIM_TriggerCallback                  0x080036a7   Thumb Code     2  stm32f4xx_hal_tim.o(i.HAL_TIM_TriggerCallback)
    HAL_UARTEx_RxEventCallback               0x080036a9   Thumb Code     2  stm32f4xx_hal_uart.o(i.HAL_UARTEx_RxEventCallback)
    HAL_UART_DMAStop                         0x080036ab   Thumb Code   112  stm32f4xx_hal_uart.o(i.HAL_UART_DMAStop)
    HAL_UART_ErrorCallback                   0x0800371b   Thumb Code     2  stm32f4xx_hal_uart.o(i.HAL_UART_ErrorCallback)
    HAL_UART_IRQHandler                      0x0800371d   Thumb Code   610  stm32f4xx_hal_uart.o(i.HAL_UART_IRQHandler)
    HAL_UART_Init                            0x08003985   Thumb Code    98  stm32f4xx_hal_uart.o(i.HAL_UART_Init)
    HAL_UART_MspInit                         0x080039e9   Thumb Code   778  usart.o(i.HAL_UART_MspInit)
    HAL_UART_Receive_DMA                     0x08003d31   Thumb Code    42  stm32f4xx_hal_uart.o(i.HAL_UART_Receive_DMA)
    HAL_UART_RxCpltCallback                  0x08003d5b   Thumb Code     2  stm32f4xx_hal_uart.o(i.HAL_UART_RxCpltCallback)
    HAL_UART_RxHalfCpltCallback              0x08003d5d   Thumb Code     2  stm32f4xx_hal_uart.o(i.HAL_UART_RxHalfCpltCallback)
    HAL_UART_Transmit                        0x08003d61   Thumb Code   178  stm32f4xx_hal_uart.o(i.HAL_UART_Transmit)
    HAL_UART_TxCpltCallback                  0x08003e13   Thumb Code     2  stm32f4xx_hal_uart.o(i.HAL_UART_TxCpltCallback)
    HC05_Process                             0x08003e15   Thumb Code   112  datatransmit.o(i.HC05_Process)
    HMI_SendBit                              0x08003e91   Thumb Code    38  main.o(i.HMI_SendBit)
    HMI_SendString                           0x08003ebd   Thumb Code    32  main.o(i.HMI_SendString)
    HMI_Send_Distance                        0x08003ee1   Thumb Code   152  main.o(i.HMI_Send_Distance)
    HMI_Send_JY901Data                       0x08003fb9   Thumb Code   152  main.o(i.HMI_Send_JY901Data)
    HMI_Send_Mode                            0x08004091   Thumb Code   180  main.o(i.HMI_Send_Mode)
    HardFault_Handler                        0x080041d5   Thumb Code     2  stm32f4xx_it.o(i.HardFault_Handler)
    JY901_Process                            0x080041d9   Thumb Code   246  datatransmit.o(i.JY901_Process)
    MX_DMA_Init                              0x080042e9   Thumb Code   120  dma.o(i.MX_DMA_Init)
    MX_GPIO_Init                             0x08004365   Thumb Code   288  gpio.o(i.MX_GPIO_Init)
    MX_TIM10_Init                            0x08004499   Thumb Code    86  tim.o(i.MX_TIM10_Init)
    MX_TIM11_Init                            0x080044f9   Thumb Code    86  tim.o(i.MX_TIM11_Init)
    MX_TIM12_Init                            0x08004559   Thumb Code   144  tim.o(i.MX_TIM12_Init)
    MX_TIM1_Init                             0x080045f1   Thumb Code   102  tim.o(i.MX_TIM1_Init)
    MX_TIM2_Init                             0x08004661   Thumb Code   102  tim.o(i.MX_TIM2_Init)
    MX_TIM3_Init                             0x080046cd   Thumb Code   100  tim.o(i.MX_TIM3_Init)
    MX_TIM4_Init                             0x08004739   Thumb Code   100  tim.o(i.MX_TIM4_Init)
    MX_TIM5_Init                             0x080047a5   Thumb Code   204  tim.o(i.MX_TIM5_Init)
    MX_TIM6_Init                             0x08004879   Thumb Code    60  tim.o(i.MX_TIM6_Init)
    MX_TIM8_Init                             0x080048bd   Thumb Code   240  tim.o(i.MX_TIM8_Init)
    MX_TIM9_Init                             0x080049b5   Thumb Code   146  tim.o(i.MX_TIM9_Init)
    MX_UART4_Init                            0x08004a51   Thumb Code    66  usart.o(i.MX_UART4_Init)
    MX_UART5_Init                            0x08004aa1   Thumb Code    66  usart.o(i.MX_UART5_Init)
    MX_USART1_UART_Init                      0x08004af1   Thumb Code    66  usart.o(i.MX_USART1_UART_Init)
    MX_USART2_UART_Init                      0x08004b41   Thumb Code    66  usart.o(i.MX_USART2_UART_Init)
    MX_USART3_UART_Init                      0x08004b91   Thumb Code    66  usart.o(i.MX_USART3_UART_Init)
    MX_USART6_UART_Init                      0x08004be1   Thumb Code    48  usart.o(i.MX_USART6_UART_Init)
    Mcnamu                                   0x08004c19   Thumb Code   416  pid.o(i.Mcnamu)
    Measure                                  0x08004dcd   Thumb Code    58  main.o(i.Measure)
    MemManage_Handler                        0x08004e0d   Thumb Code     2  stm32f4xx_it.o(i.MemManage_Handler)
    NMI_Handler                              0x08004e0f   Thumb Code     2  stm32f4xx_it.o(i.NMI_Handler)
    OPENMV_Process                           0x08004e11   Thumb Code   126  datatransmit.o(i.OPENMV_Process)
    PendSV_Handler                           0x08004ee5   Thumb Code     2  stm32f4xx_it.o(i.PendSV_Handler)
    SVC_Handler                              0x08004ee7   Thumb Code     2  stm32f4xx_it.o(i.SVC_Handler)
    ServoInit                                0x08004ee9   Thumb Code    36  servoaction.o(i.ServoInit)
    ServoUp                                  0x08004f19   Thumb Code    36  servoaction.o(i.ServoUp)
    SysTick_Handler                          0x08004f49   Thumb Code     4  stm32f4xx_it.o(i.SysTick_Handler)
    SystemClock_Config                       0x08004f4d   Thumb Code   138  main.o(i.SystemClock_Config)
    SystemInit                               0x08004fe1   Thumb Code    12  system_stm32f4xx.o(i.SystemInit)
    TFminiS_Process                          0x08004ff1   Thumb Code    66  datatransmit.o(i.TFminiS_Process)
    TIM1_TRG_COM_TIM11_IRQHandler            0x0800503d   Thumb Code    18  stm32f4xx_it.o(i.TIM1_TRG_COM_TIM11_IRQHandler)
    TIM1_UP_TIM10_IRQHandler                 0x08005059   Thumb Code    18  stm32f4xx_it.o(i.TIM1_UP_TIM10_IRQHandler)
    TIM6_DAC_IRQHandler                      0x08005075   Thumb Code     6  stm32f4xx_it.o(i.TIM6_DAC_IRQHandler)
    TIM_Base_SetConfig                       0x08005081   Thumb Code   156  stm32f4xx_hal_tim.o(i.TIM_Base_SetConfig)
    TIM_CCxChannelCmd                        0x08005149   Thumb Code    26  stm32f4xx_hal_tim.o(i.TIM_CCxChannelCmd)
    TIM_ETR_SetConfig                        0x08005163   Thumb Code    20  stm32f4xx_hal_tim.o(i.TIM_ETR_SetConfig)
    TIM_OC2_SetConfig                        0x080051e9   Thumb Code    98  stm32f4xx_hal_tim.o(i.TIM_OC2_SetConfig)
    TIM_TI1_SetConfig                        0x08005331   Thumb Code   100  stm32f4xx_hal_tim.o(i.TIM_TI1_SetConfig)
    UART4_IRQHandler                         0x0800540d   Thumb Code    68  stm32f4xx_it.o(i.UART4_IRQHandler)
    UART5_IRQHandler                         0x0800545d   Thumb Code    68  stm32f4xx_it.o(i.UART5_IRQHandler)
    UART_Start_Receive_DMA                   0x080057d9   Thumb Code   130  stm32f4xx_hal_uart.o(i.UART_Start_Receive_DMA)
    USART1_IRQHandler                        0x080058e1   Thumb Code    68  stm32f4xx_it.o(i.USART1_IRQHandler)
    USART2_IRQHandler                        0x08005931   Thumb Code    68  stm32f4xx_it.o(i.USART2_IRQHandler)
    USART3_IRQHandler                        0x08005981   Thumb Code    68  stm32f4xx_it.o(i.USART3_IRQHandler)
    USART6_IRQHandler                        0x080059d1   Thumb Code     6  stm32f4xx_it.o(i.USART6_IRQHandler)
    UsageFault_Handler                       0x080059dd   Thumb Code     2  stm32f4xx_it.o(i.UsageFault_Handler)
    User_USART_HC05_Init                     0x080059df   Thumb Code    28  datatransmit.o(i.User_USART_HC05_Init)
    User_USART_MPU6050_Init                  0x080059fb   Thumb Code    26  datatransmit.o(i.User_USART_MPU6050_Init)
    User_USART_OPENMV_Init                   0x08005a15   Thumb Code    26  datatransmit.o(i.User_USART_OPENMV_Init)
    User_USART_TFminiS_Init                  0x08005a2f   Thumb Code    26  datatransmit.o(i.User_USART_TFminiS_Init)
    User_USART_V831_Init                     0x08005a49   Thumb Code    26  datatransmit.o(i.User_USART_V831_Init)
    V831_Process                             0x08005a65   Thumb Code   224  datatransmit.o(i.V831_Process)
    __ARM_fpclassify                         0x08005bd5   Thumb Code    48  fpclassify.o(i.__ARM_fpclassify)
    _is_digit                                0x08005c25   Thumb Code    14  __printf_wp.o(i._is_digit)
    main                                     0x08005c35   Thumb Code   488  main.o(i.main)
    motor_stop                               0x08005ec9   Thumb Code    92  motor.o(i.motor_stop)
    speed_pid                                0x08005f31   Thumb Code   154  pid.o(i.speed_pid)
    _get_lc_numeric                          0x08005fdd   Thumb Code    44  lc_numeric_c.o(locale$$code)
    __aeabi_d2f                              0x08006009   Thumb Code     0  d2f.o(x$fpl$d2f)
    _d2f                                     0x08006009   Thumb Code    98  d2f.o(x$fpl$d2f)
    __aeabi_ui2d                             0x0800606b   Thumb Code     0  dflt_clz.o(x$fpl$dfltu)
    _dfltu                                   0x0800606b   Thumb Code    38  dflt_clz.o(x$fpl$dfltu)
    __aeabi_dmul                             0x08006091   Thumb Code     0  dmul.o(x$fpl$dmul)
    _dmul                                    0x08006091   Thumb Code   332  dmul.o(x$fpl$dmul)
    __fpl_dnaninf                            0x080061e5   Thumb Code   156  dnaninf.o(x$fpl$dnaninf)
    __fpl_dretinf                            0x08006281   Thumb Code    12  dretinf.o(x$fpl$dretinf)
    __aeabi_f2d                              0x0800628d   Thumb Code     0  f2d.o(x$fpl$f2d)
    _f2d                                     0x0800628d   Thumb Code    86  f2d.o(x$fpl$f2d)
    __fpl_fnaninf                            0x080062e3   Thumb Code   140  fnaninf.o(x$fpl$fnaninf)
    _fp_init                                 0x0800636f   Thumb Code    10  fpinit.o(x$fpl$fpinit)
    __fplib_config_fpu_vfp                   0x08006377   Thumb Code     0  fpinit.o(x$fpl$fpinit)
    __fplib_config_pureend_doubles           0x08006377   Thumb Code     0  fpinit.o(x$fpl$fpinit)
    __fpl_fretinf                            0x08006379   Thumb Code    10  fretinf.o(x$fpl$fretinf)
    _printf_fp_dec                           0x08006383   Thumb Code     4  printf1.o(x$fpl$printf1)
    __I$use$fp                               0x08006386   Number         0  usenofp.o(x$fpl$usenofp)
    AHBPrescTable                            0x0800638e   Data          16  system_stm32f4xx.o(.constdata)
    APBPrescTable                            0x0800639e   Data           8  system_stm32f4xx.o(.constdata)
    Region$$Table$$Base                      0x0800643c   Number         0  anon$$obj.o(Region$$Table)
    Region$$Table$$Limit                     0x0800645c   Number         0  anon$$obj.o(Region$$Table)
    stcAcc                                   0x20000000   Data           8  datatransmit.o(.data)
    stcGyro                                  0x20000008   Data           8  datatransmit.o(.data)
    stcAngle                                 0x20000010   Data           8  datatransmit.o(.data)
    APluse                                   0x20000018   Data           4  encoder.o(.data)
    BPluse                                   0x2000001c   Data           4  encoder.o(.data)
    CPluse                                   0x20000020   Data           4  encoder.o(.data)
    DPluse                                   0x20000024   Data           4  encoder.o(.data)
    Rspeed1                                  0x20000028   Data           2  pid.o(.data)
    Rspeed2                                  0x2000002a   Data           2  pid.o(.data)
    Rspeed3                                  0x2000002c   Data           2  pid.o(.data)
    Rspeed4                                  0x2000002e   Data           2  pid.o(.data)
    speed1                                   0x20000054   Data           4  pid.o(.data)
    speed2                                   0x20000058   Data           4  pid.o(.data)
    speed3                                   0x2000005c   Data           4  pid.o(.data)
    speed4                                   0x20000060   Data           4  pid.o(.data)
    Final_A                                  0x20000064   Data           4  pid.o(.data)
    Final_B                                  0x20000068   Data           4  pid.o(.data)
    Final_C                                  0x2000006c   Data           4  pid.o(.data)
    Final_D                                  0x20000070   Data           4  pid.o(.data)
    wheel1                                   0x20000074   Data          12  pid.o(.data)
    wheel2                                   0x20000080   Data          12  pid.o(.data)
    wheel3                                   0x2000008c   Data          12  pid.o(.data)
    wheel4                                   0x20000098   Data          12  pid.o(.data)
    Edge_1                                   0x200000a4   Data           1  main.o(.data)
    Edge_2                                   0x200000a5   Data           1  main.o(.data)
    line_x                                   0x200000a6   Data           2  main.o(.data)
    line_y                                   0x200000a8   Data           2  main.o(.data)
    Laji                                     0x200000aa   Data           2  main.o(.data)
    Cnt_1                                    0x200000ac   Data           4  main.o(.data)
    Cnt_2                                    0x200000b0   Data           4  main.o(.data)
    delta_speed                              0x200000b4   Data           4  main.o(.data)
    kp1                                      0x200000b8   Data           4  main.o(.data)
    kp2                                      0x200000bc   Data           4  main.o(.data)
    kp3                                      0x200000c0   Data           4  main.o(.data)
    add                                      0x200000c4   Data           4  main.o(.data)
    flag                                     0x200000c8   Data           4  main.o(.data)
    control_gar                              0x200000cc   Data           4  main.o(.data)
    mode_flag                                0x200000d0   Data           4  main.o(.data)
    run_flag                                 0x200000d4   Data           4  main.o(.data)
    output                                   0x200000d8   Data           4  main.o(.data)
    T1_1                                     0x200000dc   Data           4  main.o(.data)
    T2_1                                     0x200000e0   Data           4  main.o(.data)
    T_1                                      0x200000e4   Data           4  main.o(.data)
    T1_2                                     0x200000e8   Data           4  main.o(.data)
    T2_2                                     0x200000ec   Data           4  main.o(.data)
    T_2                                      0x200000f0   Data           4  main.o(.data)
    Laji_x                                   0x200000f4   Data           2  main.o(.data)
    Laji_y                                   0x200000f6   Data           2  main.o(.data)
    uwTickFreq                               0x200000f8   Data           1  stm32f4xx_hal.o(.data)
    uwTickPrio                               0x200000fc   Data           4  stm32f4xx_hal.o(.data)
    uwTick                                   0x20000100   Data           4  stm32f4xx_hal.o(.data)
    SystemCoreClock                          0x20000104   Data           4  system_stm32f4xx.o(.data)
    JY901_data                               0x20000108   Data          72  datatransmit.o(.bss)
    HC05_data                                0x20000150   Data          12  datatransmit.o(.bss)
    TFminiS_data                             0x2000015c   Data          13  datatransmit.o(.bss)
    V831_data                                0x20000169   Data          12  datatransmit.o(.bss)
    OPENMV_data                              0x20000175   Data          12  datatransmit.o(.bss)
    Distance                                 0x20000184   Data          12  main.o(.bss)
    CarAngle                                 0x20000190   Data          12  main.o(.bss)
    Distance_SendBuf                         0x2000019c   Data         200  main.o(.bss)
    JY901_Data_SendBuf                       0x20000264   Data         200  main.o(.bss)
    htim1                                    0x2000032c   Data          72  tim.o(.bss)
    htim2                                    0x20000374   Data          72  tim.o(.bss)
    htim3                                    0x200003bc   Data          72  tim.o(.bss)
    htim4                                    0x20000404   Data          72  tim.o(.bss)
    htim5                                    0x2000044c   Data          72  tim.o(.bss)
    htim6                                    0x20000494   Data          72  tim.o(.bss)
    htim8                                    0x200004dc   Data          72  tim.o(.bss)
    htim9                                    0x20000524   Data          72  tim.o(.bss)
    htim10                                   0x2000056c   Data          72  tim.o(.bss)
    htim11                                   0x200005b4   Data          72  tim.o(.bss)
    htim12                                   0x200005fc   Data          72  tim.o(.bss)
    huart4                                   0x20000644   Data          68  usart.o(.bss)
    huart5                                   0x20000688   Data          68  usart.o(.bss)
    huart1                                   0x200006cc   Data          68  usart.o(.bss)
    huart2                                   0x20000710   Data          68  usart.o(.bss)
    huart3                                   0x20000754   Data          68  usart.o(.bss)
    huart6                                   0x20000798   Data          68  usart.o(.bss)
    hdma_uart4_rx                            0x200007dc   Data          96  usart.o(.bss)
    hdma_uart5_rx                            0x2000083c   Data          96  usart.o(.bss)
    hdma_usart1_rx                           0x2000089c   Data          96  usart.o(.bss)
    hdma_usart2_rx                           0x200008fc   Data          96  usart.o(.bss)
    hdma_usart3_rx                           0x2000095c   Data          96  usart.o(.bss)
    __libspace_start                         0x200009bc   Data          96  libspace.o(.bss)
    __temporary_stack_top$libspace           0x20000a1c   Data           0  libspace.o(.bss)



==============================================================================

Memory Map of the image

  Image Entry point : 0x08000189

  Load Region LR_IROM1 (Base: 0x08000000, Size: 0x00006580, Max: 0x00100000, ABSOLUTE)

    Execution Region ER_IROM1 (Exec base: 0x08000000, Load base: 0x08000000, Size: 0x00006478, Max: 0x00100000, ABSOLUTE)

    Exec Addr    Load Addr    Size         Type   Attr      Idx    E Section Name        Object

    0x08000000   0x08000000   0x00000188   Data   RO            3    RESET               startup_stm32f407xx.o
    0x08000188   0x08000188   0x00000008   Code   RO         3481  * !!!main             c_w.l(__main.o)
    0x08000190   0x08000190   0x00000034   Code   RO         3727    !!!scatter          c_w.l(__scatter.o)
    0x080001c4   0x080001c4   0x0000001a   Code   RO         3729    !!handler_copy      c_w.l(__scatter_copy.o)
    0x080001de   0x080001de   0x00000002   PAD
    0x080001e0   0x080001e0   0x0000001c   Code   RO         3731    !!handler_zi        c_w.l(__scatter_zi.o)
    0x080001fc   0x080001fc   0x00000000   Code   RO         3476    .ARM.Collect$$_printf_percent$$00000000  c_w.l(_printf_percent.o)
    0x080001fc   0x080001fc   0x00000006   Code   RO         3475    .ARM.Collect$$_printf_percent$$00000003  c_w.l(_printf_f.o)
    0x08000202   0x08000202   0x00000006   Code   RO         3474    .ARM.Collect$$_printf_percent$$00000009  c_w.l(_printf_d.o)
    0x08000208   0x08000208   0x00000004   Code   RO         3510    .ARM.Collect$$_printf_percent$$00000017  c_w.l(_printf_percent_end.o)
    0x0800020c   0x0800020c   0x00000002   Code   RO         3598    .ARM.Collect$$libinit$$00000000  c_w.l(libinit.o)
    0x0800020e   0x0800020e   0x00000004   Code   RO         3599    .ARM.Collect$$libinit$$00000001  c_w.l(libinit2.o)
    0x08000212   0x08000212   0x00000000   Code   RO         3602    .ARM.Collect$$libinit$$00000004  c_w.l(libinit2.o)
    0x08000212   0x08000212   0x00000000   Code   RO         3605    .ARM.Collect$$libinit$$0000000A  c_w.l(libinit2.o)
    0x08000212   0x08000212   0x00000000   Code   RO         3607    .ARM.Collect$$libinit$$0000000C  c_w.l(libinit2.o)
    0x08000212   0x08000212   0x00000000   Code   RO         3609    .ARM.Collect$$libinit$$0000000E  c_w.l(libinit2.o)
    0x08000212   0x08000212   0x00000006   Code   RO         3610    .ARM.Collect$$libinit$$0000000F  c_w.l(libinit2.o)
    0x08000218   0x08000218   0x00000000   Code   RO         3612    .ARM.Collect$$libinit$$00000011  c_w.l(libinit2.o)
    0x08000218   0x08000218   0x00000000   Code   RO         3614    .ARM.Collect$$libinit$$00000013  c_w.l(libinit2.o)
    0x08000218   0x08000218   0x00000000   Code   RO         3616    .ARM.Collect$$libinit$$00000015  c_w.l(libinit2.o)
    0x08000218   0x08000218   0x0000000a   Code   RO         3617    .ARM.Collect$$libinit$$00000016  c_w.l(libinit2.o)
    0x08000222   0x08000222   0x00000000   Code   RO         3618    .ARM.Collect$$libinit$$00000017  c_w.l(libinit2.o)
    0x08000222   0x08000222   0x00000000   Code   RO         3620    .ARM.Collect$$libinit$$00000019  c_w.l(libinit2.o)
    0x08000222   0x08000222   0x00000000   Code   RO         3622    .ARM.Collect$$libinit$$0000001B  c_w.l(libinit2.o)
    0x08000222   0x08000222   0x00000000   Code   RO         3624    .ARM.Collect$$libinit$$0000001D  c_w.l(libinit2.o)
    0x08000222   0x08000222   0x00000000   Code   RO         3626    .ARM.Collect$$libinit$$0000001F  c_w.l(libinit2.o)
    0x08000222   0x08000222   0x00000000   Code   RO         3628    .ARM.Collect$$libinit$$00000021  c_w.l(libinit2.o)
    0x08000222   0x08000222   0x00000000   Code   RO         3630    .ARM.Collect$$libinit$$00000023  c_w.l(libinit2.o)
    0x08000222   0x08000222   0x00000000   Code   RO         3632    .ARM.Collect$$libinit$$00000025  c_w.l(libinit2.o)
    0x08000222   0x08000222   0x00000000   Code   RO         3636    .ARM.Collect$$libinit$$0000002C  c_w.l(libinit2.o)
    0x08000222   0x08000222   0x00000000   Code   RO         3638    .ARM.Collect$$libinit$$0000002E  c_w.l(libinit2.o)
    0x08000222   0x08000222   0x00000000   Code   RO         3640    .ARM.Collect$$libinit$$00000030  c_w.l(libinit2.o)
    0x08000222   0x08000222   0x00000000   Code   RO         3642    .ARM.Collect$$libinit$$00000032  c_w.l(libinit2.o)
    0x08000222   0x08000222   0x00000002   Code   RO         3643    .ARM.Collect$$libinit$$00000033  c_w.l(libinit2.o)
    0x08000224   0x08000224   0x00000002   Code   RO         3690    .ARM.Collect$$libshutdown$$00000000  c_w.l(libshutdown.o)
    0x08000226   0x08000226   0x00000000   Code   RO         3708    .ARM.Collect$$libshutdown$$00000002  c_w.l(libshutdown2.o)
    0x08000226   0x08000226   0x00000000   Code   RO         3710    .ARM.Collect$$libshutdown$$00000004  c_w.l(libshutdown2.o)
    0x08000226   0x08000226   0x00000000   Code   RO         3712    .ARM.Collect$$libshutdown$$00000006  c_w.l(libshutdown2.o)
    0x08000226   0x08000226   0x00000000   Code   RO         3715    .ARM.Collect$$libshutdown$$00000009  c_w.l(libshutdown2.o)
    0x08000226   0x08000226   0x00000000   Code   RO         3718    .ARM.Collect$$libshutdown$$0000000C  c_w.l(libshutdown2.o)
    0x08000226   0x08000226   0x00000000   Code   RO         3720    .ARM.Collect$$libshutdown$$0000000E  c_w.l(libshutdown2.o)
    0x08000226   0x08000226   0x00000000   Code   RO         3723    .ARM.Collect$$libshutdown$$00000011  c_w.l(libshutdown2.o)
    0x08000226   0x08000226   0x00000002   Code   RO         3724    .ARM.Collect$$libshutdown$$00000012  c_w.l(libshutdown2.o)
    0x08000228   0x08000228   0x00000000   Code   RO         3497    .ARM.Collect$$rtentry$$00000000  c_w.l(__rtentry.o)
    0x08000228   0x08000228   0x00000000   Code   RO         3521    .ARM.Collect$$rtentry$$00000002  c_w.l(__rtentry2.o)
    0x08000228   0x08000228   0x00000006   Code   RO         3533    .ARM.Collect$$rtentry$$00000004  c_w.l(__rtentry4.o)
    0x0800022e   0x0800022e   0x00000000   Code   RO         3523    .ARM.Collect$$rtentry$$00000009  c_w.l(__rtentry2.o)
    0x0800022e   0x0800022e   0x00000004   Code   RO         3524    .ARM.Collect$$rtentry$$0000000A  c_w.l(__rtentry2.o)
    0x08000232   0x08000232   0x00000000   Code   RO         3526    .ARM.Collect$$rtentry$$0000000C  c_w.l(__rtentry2.o)
    0x08000232   0x08000232   0x00000008   Code   RO         3527    .ARM.Collect$$rtentry$$0000000D  c_w.l(__rtentry2.o)
    0x0800023a   0x0800023a   0x00000002   Code   RO         3644    .ARM.Collect$$rtexit$$00000000  c_w.l(rtexit.o)
    0x0800023c   0x0800023c   0x00000000   Code   RO         3659    .ARM.Collect$$rtexit$$00000002  c_w.l(rtexit2.o)
    0x0800023c   0x0800023c   0x00000004   Code   RO         3660    .ARM.Collect$$rtexit$$00000003  c_w.l(rtexit2.o)
    0x08000240   0x08000240   0x00000006   Code   RO         3661    .ARM.Collect$$rtexit$$00000004  c_w.l(rtexit2.o)
    0x08000246   0x08000246   0x00000002   PAD
    0x08000248   0x08000248   0x00000040   Code   RO            4    .text               startup_stm32f407xx.o
    0x08000288   0x08000288   0x000000ee   Code   RO         3444    .text               c_w.l(lludivv7m.o)
    0x08000376   0x08000376   0x00000002   PAD
    0x08000378   0x08000378   0x00000028   Code   RO         3448    .text               c_w.l(noretval__2sprintf.o)
    0x080003a0   0x080003a0   0x00000078   Code   RO         3452    .text               c_w.l(_printf_dec.o)
    0x08000418   0x08000418   0x0000010e   Code   RO         3462    .text               c_w.l(__printf_wp.o)
    0x08000526   0x08000526   0x0000004e   Code   RO         3477    .text               c_w.l(rt_memclr_w.o)
    0x08000574   0x08000574   0x00000006   Code   RO         3479    .text               c_w.l(heapauxi.o)
    0x0800057a   0x0800057a   0x000000b2   Code   RO         3502    .text               c_w.l(_printf_intcommon.o)
    0x0800062c   0x0800062c   0x0000041e   Code   RO         3504    .text               c_w.l(_printf_fp_dec.o)
    0x08000a4a   0x08000a4a   0x00000002   PAD
    0x08000a4c   0x08000a4c   0x00000030   Code   RO         3506    .text               c_w.l(_printf_char_common.o)
    0x08000a7c   0x08000a7c   0x0000000a   Code   RO         3508    .text               c_w.l(_sputc.o)
    0x08000a86   0x08000a86   0x00000002   PAD
    0x08000a88   0x08000a88   0x00000008   Code   RO         3540    .text               c_w.l(rt_locale_intlibspace.o)
    0x08000a90   0x08000a90   0x0000008a   Code   RO         3542    .text               c_w.l(lludiv10.o)
    0x08000b1a   0x08000b1a   0x00000002   PAD
    0x08000b1c   0x08000b1c   0x00000080   Code   RO         3544    .text               c_w.l(_printf_fp_infnan.o)
    0x08000b9c   0x08000b9c   0x000000e4   Code   RO         3548    .text               c_w.l(bigflt0.o)
    0x08000c80   0x08000c80   0x00000008   Code   RO         3580    .text               c_w.l(libspace.o)
    0x08000c88   0x08000c88   0x0000004a   Code   RO         3583    .text               c_w.l(sys_stackheap_outer.o)
    0x08000cd2   0x08000cd2   0x00000012   Code   RO         3585    .text               c_w.l(exit.o)
    0x08000ce4   0x08000ce4   0x00000080   Code   RO         3591    .text               c_w.l(strcmpv7m.o)
    0x08000d64   0x08000d64   0x0000000c   Code   RO         3656    .text               c_w.l(sys_exit.o)
    0x08000d70   0x08000d70   0x00000002   Code   RO         3677    .text               c_w.l(use_no_semi.o)
    0x08000d72   0x08000d72   0x00000000   Code   RO         3679    .text               c_w.l(indicate_semi.o)
    0x08000d72   0x08000d72   0x0000003e   Code   RO         3551    CL$$btod_d2e        c_w.l(btod.o)
    0x08000db0   0x08000db0   0x00000046   Code   RO         3553    CL$$btod_d2e_denorm_low  c_w.l(btod.o)
    0x08000df6   0x08000df6   0x00000060   Code   RO         3552    CL$$btod_d2e_norm_op1  c_w.l(btod.o)
    0x08000e56   0x08000e56   0x00000338   Code   RO         3561    CL$$btod_div_common  c_w.l(btod.o)
    0x0800118e   0x0800118e   0x000000dc   Code   RO         3558    CL$$btod_e2e        c_w.l(btod.o)
    0x0800126a   0x0800126a   0x0000002a   Code   RO         3555    CL$$btod_ediv       c_w.l(btod.o)
    0x08001294   0x08001294   0x0000002a   Code   RO         3554    CL$$btod_emul       c_w.l(btod.o)
    0x080012be   0x080012be   0x00000244   Code   RO         3560    CL$$btod_mult_common  c_w.l(btod.o)
    0x08001502   0x08001502   0x00000002   Code   RO          708    i.BusFault_Handler  stm32f4xx_it.o
    0x08001504   0x08001504   0x00000010   Code   RO          892    i.Claw_Close        servoaction.o
    0x08001514   0x08001514   0x00000010   Code   RO          893    i.Claw_Open         servoaction.o
    0x08001524   0x08001524   0x0000000c   Code   RO          709    i.DMA1_Stream0_IRQHandler  stm32f4xx_it.o
    0x08001530   0x08001530   0x0000000c   Code   RO          710    i.DMA1_Stream1_IRQHandler  stm32f4xx_it.o
    0x0800153c   0x0800153c   0x0000000c   Code   RO          711    i.DMA1_Stream2_IRQHandler  stm32f4xx_it.o
    0x08001548   0x08001548   0x0000000c   Code   RO          712    i.DMA1_Stream5_IRQHandler  stm32f4xx_it.o
    0x08001554   0x08001554   0x0000000c   Code   RO          713    i.DMA2_Stream2_IRQHandler  stm32f4xx_it.o
    0x08001560   0x08001560   0x00000028   Code   RO         2377    i.DMA_CalcBaseAndBitshift  stm32f4xx_hal_dma.o
    0x08001588   0x08001588   0x00000054   Code   RO         2378    i.DMA_CheckFifoParam  stm32f4xx_hal_dma.o
    0x080015dc   0x080015dc   0x00000028   Code   RO         2379    i.DMA_SetConfig     stm32f4xx_hal_dma.o
    0x08001604   0x08001604   0x00000002   Code   RO          714    i.DebugMon_Handler  stm32f4xx_it.o
    0x08001606   0x08001606   0x00000004   Code   RO          351    i.Error_Handler     main.o
    0x0800160a   0x0800160a   0x00000002   PAD
    0x0800160c   0x0800160c   0x0000001c   Code   RO          217    i.Get_ASpeed        encoder.o
    0x08001628   0x08001628   0x0000001c   Code   RO          218    i.Get_BSpeed        encoder.o
    0x08001644   0x08001644   0x0000001c   Code   RO          219    i.Get_CSpeed        encoder.o
    0x08001660   0x08001660   0x0000001c   Code   RO          220    i.Get_DSpeed        encoder.o
    0x0800167c   0x0800167c   0x00000030   Code   RO          894    i.Grab              servoaction.o
    0x080016ac   0x080016ac   0x00000092   Code   RO         2380    i.HAL_DMA_Abort     stm32f4xx_hal_dma.o
    0x0800173e   0x0800173e   0x00000024   Code   RO         2381    i.HAL_DMA_Abort_IT  stm32f4xx_hal_dma.o
    0x08001762   0x08001762   0x00000002   PAD
    0x08001764   0x08001764   0x000001a0   Code   RO         2385    i.HAL_DMA_IRQHandler  stm32f4xx_hal_dma.o
    0x08001904   0x08001904   0x000000d4   Code   RO         2386    i.HAL_DMA_Init      stm32f4xx_hal_dma.o
    0x080019d8   0x080019d8   0x0000006e   Code   RO         2390    i.HAL_DMA_Start_IT  stm32f4xx_hal_dma.o
    0x08001a46   0x08001a46   0x00000002   PAD
    0x08001a48   0x08001a48   0x00000024   Code   RO         2799    i.HAL_Delay         stm32f4xx_hal.o
    0x08001a6c   0x08001a6c   0x000001f0   Code   RO         2273    i.HAL_GPIO_Init     stm32f4xx_hal_gpio.o
    0x08001c5c   0x08001c5c   0x0000000a   Code   RO         2277    i.HAL_GPIO_WritePin  stm32f4xx_hal_gpio.o
    0x08001c66   0x08001c66   0x00000002   PAD
    0x08001c68   0x08001c68   0x0000000c   Code   RO         2805    i.HAL_GetTick       stm32f4xx_hal.o
    0x08001c74   0x08001c74   0x00000010   Code   RO         2811    i.HAL_IncTick       stm32f4xx_hal.o
    0x08001c84   0x08001c84   0x00000034   Code   RO         2812    i.HAL_Init          stm32f4xx_hal.o
    0x08001cb8   0x08001cb8   0x00000040   Code   RO         2813    i.HAL_InitTick      stm32f4xx_hal.o
    0x08001cf8   0x08001cf8   0x00000030   Code   RO          868    i.HAL_MspInit       stm32f4xx_hal_msp.o
    0x08001d28   0x08001d28   0x0000001a   Code   RO         2662    i.HAL_NVIC_EnableIRQ  stm32f4xx_hal_cortex.o
    0x08001d42   0x08001d42   0x00000002   PAD
    0x08001d44   0x08001d44   0x00000040   Code   RO         2668    i.HAL_NVIC_SetPriority  stm32f4xx_hal_cortex.o
    0x08001d84   0x08001d84   0x00000024   Code   RO         2669    i.HAL_NVIC_SetPriorityGrouping  stm32f4xx_hal_cortex.o
    0x08001da8   0x08001da8   0x0000013c   Code   RO         2024    i.HAL_RCCEx_PeriphCLKConfig  stm32f4xx_hal_rcc_ex.o
    0x08001ee4   0x08001ee4   0x00000134   Code   RO         1919    i.HAL_RCC_ClockConfig  stm32f4xx_hal_rcc.o
    0x08002018   0x08002018   0x00000020   Code   RO         1926    i.HAL_RCC_GetPCLK1Freq  stm32f4xx_hal_rcc.o
    0x08002038   0x08002038   0x00000020   Code   RO         1927    i.HAL_RCC_GetPCLK2Freq  stm32f4xx_hal_rcc.o
    0x08002058   0x08002058   0x00000060   Code   RO         1928    i.HAL_RCC_GetSysClockFreq  stm32f4xx_hal_rcc.o
    0x080020b8   0x080020b8   0x0000036c   Code   RO         1931    i.HAL_RCC_OscConfig  stm32f4xx_hal_rcc.o
    0x08002424   0x08002424   0x00000028   Code   RO         2673    i.HAL_SYSTICK_Config  stm32f4xx_hal_cortex.o
    0x0800244c   0x0800244c   0x00000002   Code   RO         1651    i.HAL_TIMEx_BreakCallback  stm32f4xx_hal_tim_ex.o
    0x0800244e   0x0800244e   0x00000002   Code   RO         1652    i.HAL_TIMEx_CommutCallback  stm32f4xx_hal_tim_ex.o
    0x08002450   0x08002450   0x00000054   Code   RO         1654    i.HAL_TIMEx_ConfigBreakDeadTime  stm32f4xx_hal_tim_ex.o
    0x080024a4   0x080024a4   0x00000090   Code   RO         1670    i.HAL_TIMEx_MasterConfigSynchronization  stm32f4xx_hal_tim_ex.o
    0x08002534   0x08002534   0x0000005a   Code   RO          947    i.HAL_TIM_Base_Init  stm32f4xx_hal_tim.o
    0x0800258e   0x0800258e   0x00000002   PAD
    0x08002590   0x08002590   0x0000017c   Code   RO          517    i.HAL_TIM_Base_MspInit  tim.o
    0x0800270c   0x0800270c   0x00000078   Code   RO          950    i.HAL_TIM_Base_Start  stm32f4xx_hal_tim.o
    0x08002784   0x08002784   0x00000080   Code   RO          952    i.HAL_TIM_Base_Start_IT  stm32f4xx_hal_tim.o
    0x08002804   0x08002804   0x000000dc   Code   RO          956    i.HAL_TIM_ConfigClockSource  stm32f4xx_hal_tim.o
    0x080028e0   0x080028e0   0x000000a4   Code   RO          968    i.HAL_TIM_Encoder_Init  stm32f4xx_hal_tim.o
    0x08002984   0x08002984   0x00000194   Code   RO          519    i.HAL_TIM_Encoder_MspInit  tim.o
    0x08002b18   0x08002b18   0x0000008e   Code   RO          971    i.HAL_TIM_Encoder_Start  stm32f4xx_hal_tim.o
    0x08002ba6   0x08002ba6   0x00000002   PAD
    0x08002ba8   0x08002ba8   0x0000016c   Code   RO          352    i.HAL_TIM_IC_CaptureCallback  main.o
    0x08002d14   0x08002d14   0x0000011e   Code   RO          983    i.HAL_TIM_IC_ConfigChannel  stm32f4xx_hal_tim.o
    0x08002e32   0x08002e32   0x0000005a   Code   RO          986    i.HAL_TIM_IC_Init   stm32f4xx_hal_tim.o
    0x08002e8c   0x08002e8c   0x00000002   Code   RO          988    i.HAL_TIM_IC_MspInit  stm32f4xx_hal_tim.o
    0x08002e8e   0x08002e8e   0x00000002   PAD
    0x08002e90   0x08002e90   0x0000010c   Code   RO          991    i.HAL_TIM_IC_Start_IT  stm32f4xx_hal_tim.o
    0x08002f9c   0x08002f9c   0x00000166   Code   RO          995    i.HAL_TIM_IRQHandler  stm32f4xx_hal_tim.o
    0x08003102   0x08003102   0x00000002   PAD
    0x08003104   0x08003104   0x000000e8   Code   RO          520    i.HAL_TIM_MspPostInit  tim.o
    0x080031ec   0x080031ec   0x00000002   Code   RO          998    i.HAL_TIM_OC_DelayElapsedCallback  stm32f4xx_hal_tim.o
    0x080031ee   0x080031ee   0x000000cc   Code   RO         1019    i.HAL_TIM_PWM_ConfigChannel  stm32f4xx_hal_tim.o
    0x080032ba   0x080032ba   0x0000005a   Code   RO         1022    i.HAL_TIM_PWM_Init  stm32f4xx_hal_tim.o
    0x08003314   0x08003314   0x00000002   Code   RO         1024    i.HAL_TIM_PWM_MspInit  stm32f4xx_hal_tim.o
    0x08003316   0x08003316   0x00000002   Code   RO         1025    i.HAL_TIM_PWM_PulseFinishedCallback  stm32f4xx_hal_tim.o
    0x08003318   0x08003318   0x000000c8   Code   RO         1027    i.HAL_TIM_PWM_Start  stm32f4xx_hal_tim.o
    0x080033e0   0x080033e0   0x0000029c   Code   RO          353    i.HAL_TIM_PeriodElapsedCallback  main.o
    0x0800367c   0x0800367c   0x0000002a   Code   RO         1035    i.HAL_TIM_ReadCapturedValue  stm32f4xx_hal_tim.o
    0x080036a6   0x080036a6   0x00000002   Code   RO         1038    i.HAL_TIM_TriggerCallback  stm32f4xx_hal_tim.o
    0x080036a8   0x080036a8   0x00000002   Code   RO         3061    i.HAL_UARTEx_RxEventCallback  stm32f4xx_hal_uart.o
    0x080036aa   0x080036aa   0x00000070   Code   RO         3073    i.HAL_UART_DMAStop  stm32f4xx_hal_uart.o
    0x0800371a   0x0800371a   0x00000002   Code   RO         3075    i.HAL_UART_ErrorCallback  stm32f4xx_hal_uart.o
    0x0800371c   0x0800371c   0x00000268   Code   RO         3078    i.HAL_UART_IRQHandler  stm32f4xx_hal_uart.o
    0x08003984   0x08003984   0x00000062   Code   RO         3079    i.HAL_UART_Init     stm32f4xx_hal_uart.o
    0x080039e6   0x080039e6   0x00000002   PAD
    0x080039e8   0x080039e8   0x00000348   Code   RO          637    i.HAL_UART_MspInit  usart.o
    0x08003d30   0x08003d30   0x0000002a   Code   RO         3083    i.HAL_UART_Receive_DMA  stm32f4xx_hal_uart.o
    0x08003d5a   0x08003d5a   0x00000002   Code   RO         3085    i.HAL_UART_RxCpltCallback  stm32f4xx_hal_uart.o
    0x08003d5c   0x08003d5c   0x00000002   Code   RO         3086    i.HAL_UART_RxHalfCpltCallback  stm32f4xx_hal_uart.o
    0x08003d5e   0x08003d5e   0x00000002   PAD
    0x08003d60   0x08003d60   0x000000b2   Code   RO         3087    i.HAL_UART_Transmit  stm32f4xx_hal_uart.o
    0x08003e12   0x08003e12   0x00000002   Code   RO         3090    i.HAL_UART_TxCpltCallback  stm32f4xx_hal_uart.o
    0x08003e14   0x08003e14   0x0000007c   Code   RO           13    i.HC05_Process      datatransmit.o
    0x08003e90   0x08003e90   0x0000002c   Code   RO          354    i.HMI_SendBit       main.o
    0x08003ebc   0x08003ebc   0x00000024   Code   RO          355    i.HMI_SendString    main.o
    0x08003ee0   0x08003ee0   0x000000d8   Code   RO          356    i.HMI_Send_Distance  main.o
    0x08003fb8   0x08003fb8   0x000000d8   Code   RO          357    i.HMI_Send_JY901Data  main.o
    0x08004090   0x08004090   0x00000144   Code   RO          358    i.HMI_Send_Mode     main.o
    0x080041d4   0x080041d4   0x00000002   Code   RO          715    i.HardFault_Handler  stm32f4xx_it.o
    0x080041d6   0x080041d6   0x00000002   PAD
    0x080041d8   0x080041d8   0x00000110   Code   RO           14    i.JY901_Process     datatransmit.o
    0x080042e8   0x080042e8   0x0000007c   Code   RO          492    i.MX_DMA_Init       dma.o
    0x08004364   0x08004364   0x00000134   Code   RO          468    i.MX_GPIO_Init      gpio.o
    0x08004498   0x08004498   0x00000060   Code   RO          521    i.MX_TIM10_Init     tim.o
    0x080044f8   0x080044f8   0x00000060   Code   RO          522    i.MX_TIM11_Init     tim.o
    0x08004558   0x08004558   0x00000098   Code   RO          523    i.MX_TIM12_Init     tim.o
    0x080045f0   0x080045f0   0x00000070   Code   RO          524    i.MX_TIM1_Init      tim.o
    0x08004660   0x08004660   0x0000006c   Code   RO          525    i.MX_TIM2_Init      tim.o
    0x080046cc   0x080046cc   0x0000006c   Code   RO          526    i.MX_TIM3_Init      tim.o
    0x08004738   0x08004738   0x0000006c   Code   RO          527    i.MX_TIM4_Init      tim.o
    0x080047a4   0x080047a4   0x000000d4   Code   RO          528    i.MX_TIM5_Init      tim.o
    0x08004878   0x08004878   0x00000044   Code   RO          529    i.MX_TIM6_Init      tim.o
    0x080048bc   0x080048bc   0x000000f8   Code   RO          530    i.MX_TIM8_Init      tim.o
    0x080049b4   0x080049b4   0x0000009c   Code   RO          531    i.MX_TIM9_Init      tim.o
    0x08004a50   0x08004a50   0x00000050   Code   RO          638    i.MX_UART4_Init     usart.o
    0x08004aa0   0x08004aa0   0x00000050   Code   RO          639    i.MX_UART5_Init     usart.o
    0x08004af0   0x08004af0   0x00000050   Code   RO          640    i.MX_USART1_UART_Init  usart.o
    0x08004b40   0x08004b40   0x00000050   Code   RO          641    i.MX_USART2_UART_Init  usart.o
    0x08004b90   0x08004b90   0x00000050   Code   RO          642    i.MX_USART3_UART_Init  usart.o
    0x08004be0   0x08004be0   0x00000038   Code   RO          643    i.MX_USART6_UART_Init  usart.o
    0x08004c18   0x08004c18   0x000001b4   Code   RO          295    i.Mcnamu            pid.o
    0x08004dcc   0x08004dcc   0x00000040   Code   RO          359    i.Measure           main.o
    0x08004e0c   0x08004e0c   0x00000002   Code   RO          716    i.MemManage_Handler  stm32f4xx_it.o
    0x08004e0e   0x08004e0e   0x00000002   Code   RO          717    i.NMI_Handler       stm32f4xx_it.o
    0x08004e10   0x08004e10   0x000000d4   Code   RO           15    i.OPENMV_Process    datatransmit.o
    0x08004ee4   0x08004ee4   0x00000002   Code   RO          718    i.PendSV_Handler    stm32f4xx_it.o
    0x08004ee6   0x08004ee6   0x00000002   Code   RO          719    i.SVC_Handler       stm32f4xx_it.o
    0x08004ee8   0x08004ee8   0x00000030   Code   RO          895    i.ServoInit         servoaction.o
    0x08004f18   0x08004f18   0x00000030   Code   RO          896    i.ServoUp           servoaction.o
    0x08004f48   0x08004f48   0x00000004   Code   RO          720    i.SysTick_Handler   stm32f4xx_it.o
    0x08004f4c   0x08004f4c   0x00000094   Code   RO          360    i.SystemClock_Config  main.o
    0x08004fe0   0x08004fe0   0x00000010   Code   RO         3408    i.SystemInit        system_stm32f4xx.o
    0x08004ff0   0x08004ff0   0x0000004c   Code   RO           16    i.TFminiS_Process   datatransmit.o
    0x0800503c   0x0800503c   0x0000001c   Code   RO          721    i.TIM1_TRG_COM_TIM11_IRQHandler  stm32f4xx_it.o
    0x08005058   0x08005058   0x0000001c   Code   RO          722    i.TIM1_UP_TIM10_IRQHandler  stm32f4xx_it.o
    0x08005074   0x08005074   0x0000000c   Code   RO          723    i.TIM6_DAC_IRQHandler  stm32f4xx_it.o
    0x08005080   0x08005080   0x000000c8   Code   RO         1040    i.TIM_Base_SetConfig  stm32f4xx_hal_tim.o
    0x08005148   0x08005148   0x0000001a   Code   RO         1041    i.TIM_CCxChannelCmd  stm32f4xx_hal_tim.o
    0x08005162   0x08005162   0x00000014   Code   RO         1051    i.TIM_ETR_SetConfig  stm32f4xx_hal_tim.o
    0x08005176   0x08005176   0x00000010   Code   RO         1052    i.TIM_ITRx_SetConfig  stm32f4xx_hal_tim.o
    0x08005186   0x08005186   0x00000002   PAD
    0x08005188   0x08005188   0x00000060   Code   RO         1053    i.TIM_OC1_SetConfig  stm32f4xx_hal_tim.o
    0x080051e8   0x080051e8   0x0000006c   Code   RO         1054    i.TIM_OC2_SetConfig  stm32f4xx_hal_tim.o
    0x08005254   0x08005254   0x00000068   Code   RO         1055    i.TIM_OC3_SetConfig  stm32f4xx_hal_tim.o
    0x080052bc   0x080052bc   0x00000050   Code   RO         1056    i.TIM_OC4_SetConfig  stm32f4xx_hal_tim.o
    0x0800530c   0x0800530c   0x00000022   Code   RO         1058    i.TIM_TI1_ConfigInputStage  stm32f4xx_hal_tim.o
    0x0800532e   0x0800532e   0x00000002   PAD
    0x08005330   0x08005330   0x00000080   Code   RO         1059    i.TIM_TI1_SetConfig  stm32f4xx_hal_tim.o
    0x080053b0   0x080053b0   0x00000024   Code   RO         1060    i.TIM_TI2_ConfigInputStage  stm32f4xx_hal_tim.o
    0x080053d4   0x080053d4   0x00000036   Code   RO         1061    i.TIM_TI2_SetConfig  stm32f4xx_hal_tim.o
    0x0800540a   0x0800540a   0x00000002   PAD
    0x0800540c   0x0800540c   0x00000050   Code   RO          724    i.UART4_IRQHandler  stm32f4xx_it.o
    0x0800545c   0x0800545c   0x00000050   Code   RO          725    i.UART5_IRQHandler  stm32f4xx_it.o
    0x080054ac   0x080054ac   0x00000010   Code   RO         3092    i.UART_DMAAbortOnError  stm32f4xx_hal_uart.o
    0x080054bc   0x080054bc   0x0000004a   Code   RO         3093    i.UART_DMAError     stm32f4xx_hal_uart.o
    0x08005506   0x08005506   0x00000082   Code   RO         3094    i.UART_DMAReceiveCplt  stm32f4xx_hal_uart.o
    0x08005588   0x08005588   0x0000001a   Code   RO         3096    i.UART_DMARxHalfCplt  stm32f4xx_hal_uart.o
    0x080055a2   0x080055a2   0x0000004e   Code   RO         3102    i.UART_EndRxTransfer  stm32f4xx_hal_uart.o
    0x080055f0   0x080055f0   0x0000001c   Code   RO         3103    i.UART_EndTxTransfer  stm32f4xx_hal_uart.o
    0x0800560c   0x0800560c   0x000000c0   Code   RO         3104    i.UART_Receive_IT   stm32f4xx_hal_uart.o
    0x080056cc   0x080056cc   0x0000010c   Code   RO         3105    i.UART_SetConfig    stm32f4xx_hal_uart.o
    0x080057d8   0x080057d8   0x00000090   Code   RO         3106    i.UART_Start_Receive_DMA  stm32f4xx_hal_uart.o
    0x08005868   0x08005868   0x00000078   Code   RO         3108    i.UART_WaitOnFlagUntilTimeout  stm32f4xx_hal_uart.o
    0x080058e0   0x080058e0   0x00000050   Code   RO          726    i.USART1_IRQHandler  stm32f4xx_it.o
    0x08005930   0x08005930   0x00000050   Code   RO          727    i.USART2_IRQHandler  stm32f4xx_it.o
    0x08005980   0x08005980   0x00000050   Code   RO          728    i.USART3_IRQHandler  stm32f4xx_it.o
    0x080059d0   0x080059d0   0x0000000c   Code   RO          729    i.USART6_IRQHandler  stm32f4xx_it.o
    0x080059dc   0x080059dc   0x00000002   Code   RO          730    i.UsageFault_Handler  stm32f4xx_it.o
    0x080059de   0x080059de   0x0000001c   Code   RO           17    i.User_USART_HC05_Init  datatransmit.o
    0x080059fa   0x080059fa   0x0000001a   Code   RO           18    i.User_USART_MPU6050_Init  datatransmit.o
    0x08005a14   0x08005a14   0x0000001a   Code   RO           19    i.User_USART_OPENMV_Init  datatransmit.o
    0x08005a2e   0x08005a2e   0x0000001a   Code   RO           20    i.User_USART_TFminiS_Init  datatransmit.o
    0x08005a48   0x08005a48   0x0000001a   Code   RO           21    i.User_USART_V831_Init  datatransmit.o
    0x08005a62   0x08005a62   0x00000002   PAD
    0x08005a64   0x08005a64   0x00000170   Code   RO           22    i.V831_Process      datatransmit.o
    0x08005bd4   0x08005bd4   0x00000030   Code   RO         3578    i.__ARM_fpclassify  m_wm.l(fpclassify.o)
    0x08005c04   0x08005c04   0x00000020   Code   RO         2675    i.__NVIC_SetPriority  stm32f4xx_hal_cortex.o
    0x08005c24   0x08005c24   0x0000000e   Code   RO         3464    i._is_digit         c_w.l(__printf_wp.o)
    0x08005c32   0x08005c32   0x00000002   PAD
    0x08005c34   0x08005c34   0x00000294   Code   RO          362    i.main              main.o
    0x08005ec8   0x08005ec8   0x00000068   Code   RO          270    i.motor_stop        motor.o
    0x08005f30   0x08005f30   0x000000ac   Code   RO          298    i.speed_pid         pid.o
    0x08005fdc   0x08005fdc   0x0000002c   Code   RO         3574    locale$$code        c_w.l(lc_numeric_c.o)
    0x08006008   0x08006008   0x00000062   Code   RO         3483    x$fpl$d2f           fz_wm.l(d2f.o)
    0x0800606a   0x0800606a   0x00000026   Code   RO         3485    x$fpl$dfltu         fz_wm.l(dflt_clz.o)
    0x08006090   0x08006090   0x00000154   Code   RO         3491    x$fpl$dmul          fz_wm.l(dmul.o)
    0x080061e4   0x080061e4   0x0000009c   Code   RO         3511    x$fpl$dnaninf       fz_wm.l(dnaninf.o)
    0x08006280   0x08006280   0x0000000c   Code   RO         3513    x$fpl$dretinf       fz_wm.l(dretinf.o)
    0x0800628c   0x0800628c   0x00000056   Code   RO         3493    x$fpl$f2d           fz_wm.l(f2d.o)
    0x080062e2   0x080062e2   0x0000008c   Code   RO         3515    x$fpl$fnaninf       fz_wm.l(fnaninf.o)
    0x0800636e   0x0800636e   0x0000000a   Code   RO         3654    x$fpl$fpinit        fz_wm.l(fpinit.o)
    0x08006378   0x08006378   0x0000000a   Code   RO         3517    x$fpl$fretinf       fz_wm.l(fretinf.o)
    0x08006382   0x08006382   0x00000004   Code   RO         3495    x$fpl$printf1       fz_wm.l(printf1.o)
    0x08006386   0x08006386   0x00000000   Code   RO         3519    x$fpl$usenofp       fz_wm.l(usenofp.o)
    0x08006386   0x08006386   0x00000008   Data   RO         2392    .constdata          stm32f4xx_hal_dma.o
    0x0800638e   0x0800638e   0x00000010   Data   RO         3409    .constdata          system_stm32f4xx.o
    0x0800639e   0x0800639e   0x00000008   Data   RO         3410    .constdata          system_stm32f4xx.o
    0x080063a6   0x080063a6   0x00000002   PAD
    0x080063a8   0x080063a8   0x00000094   Data   RO         3549    .constdata          c_w.l(bigflt0.o)
    0x0800643c   0x0800643c   0x00000020   Data   RO         3725    Region$$Table       anon$$obj.o
    0x0800645c   0x0800645c   0x0000001c   Data   RO         3573    locale$$data        c_w.l(lc_numeric_c.o)


    Execution Region RW_IRAM1 (Exec base: 0x20000000, Load base: 0x08006478, Size: 0x00001020, Max: 0x0001c000, ABSOLUTE)

    Exec Addr    Load Addr    Size         Type   Attr      Idx    E Section Name        Object

    0x20000000   0x08006478   0x00000018   Data   RW           25    .data               datatransmit.o
    0x20000018   0x08006490   0x00000010   Data   RW          221    .data               encoder.o
    0x20000028   0x080064a0   0x0000007c   Data   RW          301    .data               pid.o
    0x200000a4   0x0800651c   0x00000050   Data   RW          364    .data               main.o
    0x200000f4   0x0800656c   0x00000002   Data   RW          371    .data               main.o
    0x200000f6   0x0800656e   0x00000002   Data   RW          372    .data               main.o
    0x200000f8   0x08006570   0x0000000c   Data   RW         2819    .data               stm32f4xx_hal.o
    0x20000104   0x0800657c   0x00000004   Data   RW         3411    .data               system_stm32f4xx.o
    0x20000108        -       0x00000079   Zero   RW           23    .bss                datatransmit.o
    0x20000181   0x08006580   0x00000003   PAD
    0x20000184        -       0x000001a8   Zero   RW          363    .bss                main.o
    0x2000032c        -       0x00000318   Zero   RW          532    .bss                tim.o
    0x20000644        -       0x00000378   Zero   RW          644    .bss                usart.o
    0x200009bc        -       0x00000060   Zero   RW         3581    .bss                c_w.l(libspace.o)
    0x20000a1c   0x08006580   0x00000004   PAD
    0x20000a20        -       0x00000200   Zero   RW            2    HEAP                startup_stm32f407xx.o
    0x20000c20        -       0x00000400   Zero   RW            1    STACK               startup_stm32f407xx.o


    Execution Region RW_IRAM2 (Exec base: 0x2001c000, Load base: 0x08006580, Size: 0x00000000, Max: 0x00004000, ABSOLUTE)

    **** No section assigned to this execution region ****


==============================================================================

Image component sizes


      Code (inc. data)   RO Data    RW Data    ZI Data      Debug   Object Name

      1184        292          0         24        121     701954   datatransmit.o
       124          4          0          0          0        954   dma.o
       112         40          0         16          0       2586   encoder.o
       308         20          0          0          0       1255   gpio.o
      2744        570          0         84        424      10105   main.o
       104         12          0          0          0        585   motor.o
       608         38          0        124          0       3816   pid.o
       176         48          0          0          0       3136   servoaction.o
        64         26        392          0       1536        892   startup_stm32f407xx.o
       180         28          0         12          0       9849   stm32f4xx_hal.o
       198         14          0          0          0      34271   stm32f4xx_hal_cortex.o
      1084         16          8          0          0       7842   stm32f4xx_hal_dma.o
       506         46          0          0          0       2360   stm32f4xx_hal_gpio.o
        48          6          0          0          0        966   stm32f4xx_hal_msp.o
      1344         72          0          0          0       5568   stm32f4xx_hal_rcc.o
       316         20          0          0          0       1496   stm32f4xx_hal_rcc_ex.o
      3314        222          0          0          0      26609   stm32f4xx_hal_tim.o
       232         28          0          0          0       3549   stm32f4xx_hal_tim_ex.o
      2132         30          0          0          0      17133   stm32f4xx_hal_uart.o
       560        122          0          0          0      13826   stm32f4xx_it.o
        16          4         24          4          0       1295   system_stm32f4xx.o
      2480        200          0          0        792      11726   tim.o
      1296        140          0          0        888       6124   usart.o

    ----------------------------------------------------------------------
     19162       1998        458        264       3764     867897   Object Totals
         0          0         32          0          0          0   (incl. Generated)
        32          0          2          0          3          0   (incl. Padding)

    ----------------------------------------------------------------------

      Code (inc. data)   RO Data    RW Data    ZI Data      Debug   Library Member Name

         8          0          0          0          0         68   __main.o
       284          0          0          0          0        156   __printf_wp.o
         0          0          0          0          0          0   __rtentry.o
        12          0          0          0          0          0   __rtentry2.o
         6          0          0          0          0          0   __rtentry4.o
        52          8          0          0          0          0   __scatter.o
        26          0          0          0          0          0   __scatter_copy.o
        28          0          0          0          0          0   __scatter_zi.o
        48          6          0          0          0         96   _printf_char_common.o
         6          0          0          0          0          0   _printf_d.o
       120         16          0          0          0         92   _printf_dec.o
         6          0          0          0          0          0   _printf_f.o
      1054          0          0          0          0        216   _printf_fp_dec.o
       128         16          0          0          0         84   _printf_fp_infnan.o
       178          0          0          0          0         88   _printf_intcommon.o
         0          0          0          0          0          0   _printf_percent.o
         4          0          0          0          0          0   _printf_percent_end.o
        10          0          0          0          0         68   _sputc.o
       228          4        148          0          0         96   bigflt0.o
      1936        128          0          0          0        672   btod.o
        18          0          0          0          0         80   exit.o
         6          0          0          0          0        152   heapauxi.o
         0          0          0          0          0          0   indicate_semi.o
        44         10         28          0          0         76   lc_numeric_c.o
         2          0          0          0          0          0   libinit.o
        22          0          0          0          0          0   libinit2.o
         2          0          0          0          0          0   libshutdown.o
         2          0          0          0          0          0   libshutdown2.o
         8          4          0          0         96         68   libspace.o
       138          0          0          0          0         80   lludiv10.o
       238          0          0          0          0        100   lludivv7m.o
        40          6          0          0          0         84   noretval__2sprintf.o
         8          4          0          0          0         68   rt_locale_intlibspace.o
        78          0          0          0          0         80   rt_memclr_w.o
         2          0          0          0          0          0   rtexit.o
        10          0          0          0          0          0   rtexit2.o
       128          0          0          0          0         68   strcmpv7m.o
        12          4          0          0          0         68   sys_exit.o
        74          0          0          0          0         80   sys_stackheap_outer.o
         2          0          0          0          0         68   use_no_semi.o
        98          4          0          0          0        140   d2f.o
        38          0          0          0          0        116   dflt_clz.o
       340         12          0          0          0        152   dmul.o
       156          4          0          0          0        140   dnaninf.o
        12          0          0          0          0        116   dretinf.o
        86          4          0          0          0        132   f2d.o
       140          4          0          0          0        132   fnaninf.o
        10          0          0          0          0        116   fpinit.o
        10          0          0          0          0        116   fretinf.o
         4          0          0          0          0        116   printf1.o
         0          0          0          0          0          0   usenofp.o
        48          0          0          0          0        124   fpclassify.o

    ----------------------------------------------------------------------
      5924        234        176          0        100       4108   Library Totals
        14          0          0          0          4          0   (incl. Padding)

    ----------------------------------------------------------------------

      Code (inc. data)   RO Data    RW Data    ZI Data      Debug   Library Name

      4968        206        176          0         96       2708   c_w.l
       894         28          0          0          0       1276   fz_wm.l
        48          0          0          0          0        124   m_wm.l

    ----------------------------------------------------------------------
      5924        234        176          0        100       4108   Library Totals

    ----------------------------------------------------------------------

==============================================================================


      Code (inc. data)   RO Data    RW Data    ZI Data      Debug   

     25086       2232        634        264       3864     854249   Grand Totals
     25086       2232        634        264       3864     854249   ELF Image Totals
     25086       2232        634        264          0          0   ROM Totals

==============================================================================

    Total RO  Size (Code + RO Data)                25720 (  25.12kB)
    Total RW  Size (RW Data + ZI Data)              4128 (   4.03kB)
    Total ROM Size (Code + RO Data + RW Data)      25984 (  25.38kB)

==============================================================================

